Component: ARM Compiler 5.06 update 7 (build 960) Tool: armlink [4d3601]

==============================================================================

Section Cross References

    startup_stm32f40_41xxx.o(RESET) refers to startup_stm32f40_41xxx.o(STACK) for __initial_sp
    startup_stm32f40_41xxx.o(RESET) refers to startup_stm32f40_41xxx.o(.text) for Reset_Handler
    startup_stm32f40_41xxx.o(RESET) refers to stm32f4xx_it.o(i.NMI_Handler) for NMI_Handler
    startup_stm32f40_41xxx.o(RESET) refers to stm32f4xx_it.o(i.HardFault_Handler) for HardFault_Handler
    startup_stm32f40_41xxx.o(RESET) refers to stm32f4xx_it.o(i.MemManage_Handler) for MemManage_Handler
    startup_stm32f40_41xxx.o(RESET) refers to stm32f4xx_it.o(i.BusFault_Handler) for BusFault_Handler
    startup_stm32f40_41xxx.o(RESET) refers to stm32f4xx_it.o(i.UsageFault_Handler) for UsageFault_Handler
    startup_stm32f40_41xxx.o(RESET) refers to stm32f4xx_it.o(i.SVC_Handler) for SVC_Handler
    startup_stm32f40_41xxx.o(RESET) refers to stm32f4xx_it.o(i.DebugMon_Handler) for DebugMon_Handler
    startup_stm32f40_41xxx.o(RESET) refers to stm32f4xx_it.o(i.PendSV_Handler) for PendSV_Handler
    startup_stm32f40_41xxx.o(RESET) refers to stm32f4xx_it.o(i.SysTick_Handler) for SysTick_Handler
    startup_stm32f40_41xxx.o(RESET) refers to openmv.o(i.USART2_IRQHandler) for USART2_IRQHandler
    startup_stm32f40_41xxx.o(RESET) refers to qrcode.o(i.UART4_IRQHandler) for UART4_IRQHandler
    startup_stm32f40_41xxx.o(RESET) refers to ops.o(i.UART5_IRQHandler) for UART5_IRQHandler
    startup_stm32f40_41xxx.o(.text) refers to system_stm32f4xx.o(i.SystemInit) for SystemInit
    startup_stm32f40_41xxx.o(.text) refers to entry.o(.ARM.Collect$$$$00000000) for __main
    stm32f4xx_adc.o(i.ADC_DeInit) refers to stm32f4xx_rcc.o(i.RCC_APB2PeriphResetCmd) for RCC_APB2PeriphResetCmd
    stm32f4xx_can.o(i.CAN_DeInit) refers to stm32f4xx_rcc.o(i.RCC_APB1PeriphResetCmd) for RCC_APB1PeriphResetCmd
    stm32f4xx_can.o(i.CAN_GetITStatus) refers to stm32f4xx_can.o(i.CheckITStatus) for CheckITStatus
    stm32f4xx_cryp.o(i.CRYP_DeInit) refers to stm32f4xx_rcc.o(i.RCC_AHB2PeriphResetCmd) for RCC_AHB2PeriphResetCmd
    stm32f4xx_cryp_aes.o(i.CRYP_AES_CBC) refers to stm32f4xx_cryp.o(i.CRYP_KeyStructInit) for CRYP_KeyStructInit
    stm32f4xx_cryp_aes.o(i.CRYP_AES_CBC) refers to stm32f4xx_cryp.o(i.CRYP_FIFOFlush) for CRYP_FIFOFlush
    stm32f4xx_cryp_aes.o(i.CRYP_AES_CBC) refers to stm32f4xx_cryp.o(i.CRYP_Init) for CRYP_Init
    stm32f4xx_cryp_aes.o(i.CRYP_AES_CBC) refers to stm32f4xx_cryp.o(i.CRYP_KeyInit) for CRYP_KeyInit
    stm32f4xx_cryp_aes.o(i.CRYP_AES_CBC) refers to stm32f4xx_cryp.o(i.CRYP_Cmd) for CRYP_Cmd
    stm32f4xx_cryp_aes.o(i.CRYP_AES_CBC) refers to stm32f4xx_cryp.o(i.CRYP_GetFlagStatus) for CRYP_GetFlagStatus
    stm32f4xx_cryp_aes.o(i.CRYP_AES_CBC) refers to stm32f4xx_cryp.o(i.CRYP_IVInit) for CRYP_IVInit
    stm32f4xx_cryp_aes.o(i.CRYP_AES_CBC) refers to stm32f4xx_cryp.o(i.CRYP_GetCmdStatus) for CRYP_GetCmdStatus
    stm32f4xx_cryp_aes.o(i.CRYP_AES_CBC) refers to stm32f4xx_cryp.o(i.CRYP_DataIn) for CRYP_DataIn
    stm32f4xx_cryp_aes.o(i.CRYP_AES_CBC) refers to stm32f4xx_cryp.o(i.CRYP_DataOut) for CRYP_DataOut
    stm32f4xx_cryp_aes.o(i.CRYP_AES_CCM) refers to stm32f4xx_cryp.o(i.CRYP_KeyStructInit) for CRYP_KeyStructInit
    stm32f4xx_cryp_aes.o(i.CRYP_AES_CCM) refers to stm32f4xx_cryp.o(i.CRYP_FIFOFlush) for CRYP_FIFOFlush
    stm32f4xx_cryp_aes.o(i.CRYP_AES_CCM) refers to stm32f4xx_cryp.o(i.CRYP_KeyInit) for CRYP_KeyInit
    stm32f4xx_cryp_aes.o(i.CRYP_AES_CCM) refers to stm32f4xx_cryp.o(i.CRYP_IVInit) for CRYP_IVInit
    stm32f4xx_cryp_aes.o(i.CRYP_AES_CCM) refers to stm32f4xx_cryp.o(i.CRYP_Init) for CRYP_Init
    stm32f4xx_cryp_aes.o(i.CRYP_AES_CCM) refers to stm32f4xx_cryp.o(i.CRYP_PhaseConfig) for CRYP_PhaseConfig
    stm32f4xx_cryp_aes.o(i.CRYP_AES_CCM) refers to stm32f4xx_cryp.o(i.CRYP_DataIn) for CRYP_DataIn
    stm32f4xx_cryp_aes.o(i.CRYP_AES_CCM) refers to stm32f4xx_cryp.o(i.CRYP_Cmd) for CRYP_Cmd
    stm32f4xx_cryp_aes.o(i.CRYP_AES_CCM) refers to stm32f4xx_cryp.o(i.CRYP_GetCmdStatus) for CRYP_GetCmdStatus
    stm32f4xx_cryp_aes.o(i.CRYP_AES_CCM) refers to stm32f4xx_cryp.o(i.CRYP_GetFlagStatus) for CRYP_GetFlagStatus
    stm32f4xx_cryp_aes.o(i.CRYP_AES_CCM) refers to stm32f4xx_cryp.o(i.CRYP_DataOut) for CRYP_DataOut
    stm32f4xx_cryp_aes.o(i.CRYP_AES_CTR) refers to stm32f4xx_cryp.o(i.CRYP_KeyStructInit) for CRYP_KeyStructInit
    stm32f4xx_cryp_aes.o(i.CRYP_AES_CTR) refers to stm32f4xx_cryp.o(i.CRYP_KeyInit) for CRYP_KeyInit
    stm32f4xx_cryp_aes.o(i.CRYP_AES_CTR) refers to stm32f4xx_cryp.o(i.CRYP_Init) for CRYP_Init
    stm32f4xx_cryp_aes.o(i.CRYP_AES_CTR) refers to stm32f4xx_cryp.o(i.CRYP_IVInit) for CRYP_IVInit
    stm32f4xx_cryp_aes.o(i.CRYP_AES_CTR) refers to stm32f4xx_cryp.o(i.CRYP_FIFOFlush) for CRYP_FIFOFlush
    stm32f4xx_cryp_aes.o(i.CRYP_AES_CTR) refers to stm32f4xx_cryp.o(i.CRYP_Cmd) for CRYP_Cmd
[...]
    ..\\HARDWARE\\SERVO\\LobotServoController.c 0x00000000   Number         0  lobotservocontroller.o ABSOLUTE
    ..\\HARDWARE\\SERVO\\servo.c             0x00000000   Number         0  servo.o ABSOLUTE
    ..\\SYSTEM\\Source\\delay.c              0x00000000   Number         0  delay.o ABSOLUTE
    ..\\SYSTEM\\Source\\led.c                0x00000000   Number         0  led.o ABSOLUTE
    ..\\SYSTEM\\Source\\sys.c                0x00000000   Number         0  sys.o ABSOLUTE
    cdcmple.s                                0x00000000   Number         0  cdcmple.o ABSOLUTE
    cdrcmple.s                               0x00000000   Number         0  cdrcmple.o ABSOLUTE
    dc.s                                     0x00000000   Number         0  dc.o ABSOLUTE
    flags.c                                  0x00000000   Number         0  flags.o ABSOLUTE
    flags.c                                  0x00000000   Number         0  flags.o ABSOLUTE
    handlers.s                               0x00000000   Number         0  handlers.o ABSOLUTE
    init.s                                   0x00000000   Number         0  init.o ABSOLUTE
    main.c                                   0x00000000   Number         0  main.o ABSOLUTE
    main.c                                   0x00000000   Number         0  main.o ABSOLUTE
    run.c                                    0x00000000   Number         0  run.o ABSOLUTE
    run.c                                    0x00000000   Number         0  run.o ABSOLUTE
    stm32f4xx_it.c                           0x00000000   Number         0  stm32f4xx_it.o ABSOLUTE
    stm32f4xx_it.c                           0x00000000   Number         0  stm32f4xx_it.o ABSOLUTE
    system_stm32f4xx.c                       0x00000000   Number         0  system_stm32f4xx.o ABSOLUTE
    system_stm32f4xx.c                       0x00000000   Number         0  system_stm32f4xx.o ABSOLUTE
    RESET                                    0x08000000   Section      392  startup_stm32f40_41xxx.o(RESET)
    .ARM.Collect$$$$00000000                 0x08000188   Section        0  entry.o(.ARM.Collect$$$$00000000)
    .ARM.Collect$$$$00000001                 0x08000188   Section        4  entry2.o(.ARM.Collect$$$$00000001)
    .ARM.Collect$$$$00000004                 0x0800018c   Section        4  entry5.o(.ARM.Collect$$$$00000004)
    .ARM.Collect$$$$00000008                 0x08000190   Section        0  entry7b.o(.ARM.Collect$$$$00000008)
    .ARM.Collect$$$$0000000A                 0x08000190   Section        0  entry8b.o(.ARM.Collect$$$$0000000A)
    .ARM.Collect$$$$0000000B                 0x08000190   Section        8  entry9a.o(.ARM.Collect$$$$0000000B)
    .ARM.Collect$$$$0000000E                 0x08000198   Section        4  entry12b.o(.ARM.Collect$$$$0000000E)
    .ARM.Collect$$$$0000000F                 0x0800019c   Section        0  entry10a.o(.ARM.Collect$$$$0000000F)
    .ARM.Collect$$$$00000011                 0x0800019c   Section        0  entry11a.o(.ARM.Collect$$$$00000011)
    .ARM.Collect$$$$00002712                 0x0800019c   Section        4  entry2.o(.ARM.Collect$$$$00002712)
    __lit__00000000                          0x0800019c   Data           4  entry2.o(.ARM.Collect$$$$00002712)
    .text                                    0x080001a0   Section       36  startup_stm32f40_41xxx.o(.text)
    $v0                                      0x080001a0   Number         0  startup_stm32f40_41xxx.o(.text)
    .text                                    0x080001c4   Section        0  dadd.o(.text)
    .text                                    0x08000312   Section        0  dmul.o(.text)
    .text                                    0x080003f6   Section        0  dflti.o(.text)
    .text                                    0x08000418   Section        0  dfixi.o(.text)
    .text                                    0x08000456   Section        0  f2d.o(.text)
    .text                                    0x0800047c   Section       48  cdcmple.o(.text)
    .text                                    0x080004ac   Section       48  cdrcmple.o(.text)
    .text                                    0x080004dc   Section        0  d2f.o(.text)
    .text                                    0x08000514   Section        0  llshl.o(.text)
    .text                                    0x08000532   Section        0  llushr.o(.text)
    .text                                    0x08000552   Section        0  llsshr.o(.text)
    .text                                    0x08000576   Section        0  fepilogue.o(.text)
    .text                                    0x08000576   Section        0  iusefp.o(.text)
    .text                                    0x080005e4   Section        0  depilogue.o(.text)
    .text                                    0x080006a0   Section       36  init.o(.text)
    .text                                    0x080006c4   Section        0  ddiv.o(.text)
    .text                                    0x080007a2   Section        0  dfltui.o(.text)
    i.BusFault_Handler                       0x080007bc   Section        0  stm32f4xx_it.o(i.BusFault_Handler)
    i.Control_Display_Specs                  0x080007c0   Section        0  control.o(i.Control_Display_Specs)
    i.Control_Init                           0x08000848   Section        0  control.o(i.Control_Init)
    i.Control_Motor_Init                     0x0800094c   Section        0  motor.o(i.Control_Motor_Init)
    i.DebugMon_Handler                       0x080009c8   Section        0  stm32f4xx_it.o(i.DebugMon_Handler)
    i.GPIO_Init                              0x080009ca   Section        0  stm32f4xx_gpio.o(i.GPIO_Init)
    i.GPIO_PinAFConfig                       0x08000a5a   Section        0  stm32f4xx_gpio.o(i.GPIO_PinAFConfig)
    i.GPIO_ReadInputDataBit                  0x08000aa0   Section        0  stm32f4xx_gpio.o(i.GPIO_ReadInputDataBit)
    i.GPIO_ResetBits                         0x08000ab2   Section        0  stm32f4xx_gpio.o(i.GPIO_ResetBits)
    i.GPIO_SetBits                           0x08000ab6   Section        0  stm32f4xx_gpio.o(i.GPIO_SetBits)
    i.GPIO_WriteBit                          0x08000aba   Section        0  stm32f4xx_gpio.o(i.GPIO_WriteBit)
    i.HardFault_Handler                      0x08000ac4   Section        0  stm32f4xx_it.o(i.HardFault_Handler)
    i.Infrared_Scan                          0x08000ac8   Section        0  infrared.o(i.Infrared_Scan)
    i.Input_Disp_Loop                        0x08000b04   Section        0  keyndisp.o(i.Input_Disp_Loop)
    i.KEY_Init                               0x08000c7c   Section        0  keyndisp.o(i.KEY_Init)
    i.LED_Flip                               0x08000cc0   Section        0  led.o(i.LED_Flip)
    i.LED_Init                               0x08000d0c   Section        0  led.o(i.LED_Init)
    i.MemManage_Handler                      0x08000d48   Section        0  stm32f4xx_it.o(i.MemManage_Handler)
    i.MotorA_SetSpeed                        0x08000d4c   Section        0  motor.o(i.MotorA_SetSpeed)
    i.MotorB_SetSpeed                        0x08000dbc   Section        0  motor.o(i.MotorB_SetSpeed)
    i.MotorC_SetSpeed                        0x08000dfc   Section        0  motor.o(i.MotorC_SetSpeed)
    i.MotorD_SetSpeed                        0x08000e6c   Section        0  motor.o(i.MotorD_SetSpeed)
    i.Motor_Init                             0x08000edc   Section        0  motor.o(i.Motor_Init)
    i.NMI_Handler                            0x08000eee   Section        0  stm32f4xx_it.o(i.NMI_Handler)
    i.NVIC_Init                              0x08000ef0   Section        0  misc.o(i.NVIC_Init)
    i.NVIC_PriorityGroupConfig               0x08000f68   Section        0  misc.o(i.NVIC_PriorityGroupConfig)
    i.OLED_Clear                             0x08000f7c   Section        0  oled.o(i.OLED_Clear)
    i.OLED_I2C_Init                          0x08000fa8   Section        0  oled.o(i.OLED_I2C_Init)
    i.OLED_I2C_SendByte                      0x08000ff4   Section        0  oled.o(i.OLED_I2C_SendByte)
    i.OLED_I2C_Start                         0x08001078   Section        0  oled.o(i.OLED_I2C_Start)
    i.OLED_I2C_Stop                          0x080010bc   Section        0  oled.o(i.OLED_I2C_Stop)
    i.OLED_Init                              0x080010f8   Section        0  oled.o(i.OLED_Init)
    i.OLED_Pow                               0x080011a6   Section        0  oled.o(i.OLED_Pow)
    i.OLED_SetCursor                         0x080011ba   Section        0  oled.o(i.OLED_SetCursor)
    i.OLED_ShowChar                          0x080011dc   Section        0  oled.o(i.OLED_ShowChar)
    i.OLED_ShowSignedNum                     0x08001250   Section        0  oled.o(i.OLED_ShowSignedNum)
    i.OLED_ShowString                        0x080012b6   Section        0  oled.o(i.OLED_ShowString)
    i.OLED_WriteCommand                      0x080012de   Section        0  oled.o(i.OLED_WriteCommand)
    i.OLED_WriteData                         0x080012fe   Section        0  oled.o(i.OLED_WriteData)
    i.OPS_Calibrate                          0x08001320   Section        0  ops.o(i.OPS_Calibrate)
    i.OPS_Display_Specs                      0x080013c0   Section        0  ops.o(i.OPS_Display_Specs)
    i.OPS_Init                               0x08001454   Section        0  ops.o(i.OPS_Init)
    i.OPS_UART_Config                        0x0800145c   Section        0  ops.o(i.OPS_UART_Config)
    i.OpenMV_Change_Mode                     0x08001520   Section        0  openmv.o(i.OpenMV_Change_Mode)
    i.OpenMV_Display_Specs                   0x08001594   Section        0  openmv.o(i.OpenMV_Display_Specs)
    i.Openmv_Correction_Ready                0x080015dc   Section        0  control.o(i.Openmv_Correction_Ready)
    i.PendSV_Handler                         0x08001614   Section        0  stm32f4xx_it.o(i.PendSV_Handler)
    i.QRCODE_UART_Config                     0x08001618   Section        0  qrcode.o(i.QRCODE_UART_Config)
    i.QR_Ready                               0x080016d0   Section        0  qrcode.o(i.QR_Ready)
    i.RCC_AHB1PeriphClockCmd                 0x080016dc   Section        0  stm32f4xx_rcc.o(i.RCC_AHB1PeriphClockCmd)
    i.RCC_APB1PeriphClockCmd                 0x080016fc   Section        0  stm32f4xx_rcc.o(i.RCC_APB1PeriphClockCmd)
    i.RCC_APB1PeriphResetCmd                 0x0800171c   Section        0  stm32f4xx_rcc.o(i.RCC_APB1PeriphResetCmd)
    i.RCC_APB2PeriphResetCmd                 0x0800173c   Section        0  stm32f4xx_rcc.o(i.RCC_APB2PeriphResetCmd)
    i.RCC_GetClocksFreq                      0x0800175c   Section        0  stm32f4xx_rcc.o(i.RCC_GetClocksFreq)
    i.Run                                    0x08001844   Section        0  run.o(i.Run)
    i.SVC_Handler                            0x08001898   Section        0  stm32f4xx_it.o(i.SVC_Handler)
    i.Serial_Receive_Data_LH                 0x0800189c   Section        0  serial.o(i.Serial_Receive_Data_LH)
    i.Serial_SendArray                       0x080019b8   Section        0  serial.o(i.Serial_SendArray)
    i.Serial_SendByte                        0x080019d8   Section        0  serial.o(i.Serial_SendByte)
    i.SetSysClock                            0x080019f8   Section        0  system_stm32f4xx.o(i.SetSysClock)
    SetSysClock                              0x080019f9   Thumb Code   220  system_stm32f4xx.o(i.SetSysClock)
    i.Set_Control_Mode                       0x08001ae4   Section        0  control.o(i.Set_Control_Mode)
    i.Set_Speed                              0x08001b78   Section        0  control.o(i.Set_Speed)
    i.Set_Speed_All                          0x08001b98   Section        0  motor.o(i.Set_Speed_All)
    i.Set_Target_Coordinate                  0x08001bc0   Section        0  control.o(i.Set_Target_Coordinate)
    i.Set_Target_Heading                     0x08001bd8   Section        0  control.o(i.Set_Target_Heading)
    i.SysTick_CLKSourceConfig                0x08001be4   Section        0  misc.o(i.SysTick_CLKSourceConfig)
    i.SysTick_Handler                        0x08001c0c   Section        0  stm32f4xx_it.o(i.SysTick_Handler)
    i.SystemInit                             0x08001c10   Section        0  system_stm32f4xx.o(i.SystemInit)
    i.System_Test                            0x08001c78   Section        0  keyndisp.o(i.System_Test)
    i.TIM_ARRPreloadConfig                   0x08001ce0   Section        0  stm32f4xx_tim.o(i.TIM_ARRPreloadConfig)
    i.TIM_Cmd                                0x08001cf8   Section        0  stm32f4xx_tim.o(i.TIM_Cmd)
    i.TIM_DeInit                             0x08001d10   Section        0  stm32f4xx_tim.o(i.TIM_DeInit)
    i.TIM_OC2Init                            0x08001ea0   Section        0  stm32f4xx_tim.o(i.TIM_OC2Init)
    i.TIM_OC2PreloadConfig                   0x08001f44   Section        0  stm32f4xx_tim.o(i.TIM_OC2PreloadConfig)
    i.TIM_OC3Init                            0x08001f60   Section        0  stm32f4xx_tim.o(i.TIM_OC3Init)
    i.TIM_OC3PreloadConfig                   0x08002000   Section        0  stm32f4xx_tim.o(i.TIM_OC3PreloadConfig)
    i.TIM_OC4Init                            0x08002014   Section        0  stm32f4xx_tim.o(i.TIM_OC4Init)
    i.TIM_OC4PreloadConfig                   0x0800208c   Section        0  stm32f4xx_tim.o(i.TIM_OC4PreloadConfig)
    i.TIM_PWM_Init                           0x080020a8   Section        0  motor.o(i.TIM_PWM_Init)
    i.TIM_TimeBaseInit                       0x08002260   Section        0  stm32f4xx_tim.o(i.TIM_TimeBaseInit)
    i.Turn_Right90                           0x080022e4   Section        0  control.o(i.Turn_Right90)
    i.UART4_IRQHandler                       0x080023a4   Section        0  qrcode.o(i.UART4_IRQHandler)
    i.UART5_IRQHandler                       0x08002474   Section        0  ops.o(i.UART5_IRQHandler)
    i.USART2_IRQHandler                      0x08002604   Section        0  openmv.o(i.USART2_IRQHandler)
    i.USART_ClearITPendingBit                0x080026ec   Section        0  stm32f4xx_usart.o(i.USART_ClearITPendingBit)
    i.USART_Cmd                              0x0800270a   Section        0  stm32f4xx_usart.o(i.USART_Cmd)
    i.USART_GetFlagStatus                    0x08002722   Section        0  stm32f4xx_usart.o(i.USART_GetFlagStatus)
    i.USART_GetITStatus                      0x0800273c   Section        0  stm32f4xx_usart.o(i.USART_GetITStatus)
    i.USART_ITConfig                         0x08002790   Section        0  stm32f4xx_usart.o(i.USART_ITConfig)
    i.USART_Init                             0x080027dc   Section        0  stm32f4xx_usart.o(i.USART_Init)
    i.USART_ReceiveData                      0x080028b0   Section        0  stm32f4xx_usart.o(i.USART_ReceiveData)
    i.USART_SendData                         0x080028ba   Section        0  stm32f4xx_usart.o(i.USART_SendData)
    i.UsageFault_Handler                     0x080028c2   Section        0  stm32f4xx_it.o(i.UsageFault_Handler)
    i.Wheel_Run_Loop                         0x080028c8   Section        0  control.o(i.Wheel_Run_Loop)
    i.__ARM_fpclassify                       0x08002940   Section        0  fpclassify.o(i.__ARM_fpclassify)
    i.__hardfp_cos                           0x08002970   Section        0  cos.o(i.__hardfp_cos)
    i.__hardfp_fabs                          0x08002a38   Section        0  fabs.o(i.__hardfp_fabs)
    i.__hardfp_sin                           0x08002a50   Section        0  sin.o(i.__hardfp_sin)
    i.__ieee754_rem_pio2                     0x08002b18   Section        0  rred.o(i.__ieee754_rem_pio2)
    i.__kernel_cos                           0x08002f50   Section        0  cos_i.o(i.__kernel_cos)
    i.__kernel_poly                          0x080030c0   Section        0  poly.o(i.__kernel_poly)
    i.__kernel_sin                           0x080031b8   Section        0  sin_i.o(i.__kernel_sin)
    i.__mathlib_dbl_infnan                   0x080032e8   Section        0  dunder.o(i.__mathlib_dbl_infnan)
    i.__mathlib_dbl_invalid                  0x08003300   Section        0  dunder.o(i.__mathlib_dbl_invalid)
    i.__mathlib_dbl_underflow                0x08003320   Section        0  dunder.o(i.__mathlib_dbl_underflow)
    i.__scatterload_copy                     0x08003340   Section       14  handlers.o(i.__scatterload_copy)
    i.__scatterload_null                     0x0800334e   Section        2  handlers.o(i.__scatterload_null)
    i.__scatterload_zeroinit                 0x08003350   Section       14  handlers.o(i.__scatterload_zeroinit)
    i.__set_errno                            0x08003360   Section        0  errno.o(i.__set_errno)
    i.backObj_Run1                           0x0800336c   Section        0  run.o(i.backObj_Run1)
    i.backObj_Run_Main                       0x080033d8   Section        0  run.o(i.backObj_Run_Main)
    i.changeIntVar                           0x08003410   Section        0  keyndisp.o(i.changeIntVar)
    changeIntVar                             0x08003411   Thumb Code    42  keyndisp.o(i.changeIntVar)
    i.check_stable                           0x0800343c   Section        0  control.o(i.check_stable)
    i.coordinate_Loop                        0x08003650   Section        0  control.o(i.coordinate_Loop)
    i.delay_init                             0x0800387c   Section        0  delay.o(i.delay_init)
    i.delay_ms                               0x080038b8   Section        0  delay.o(i.delay_ms)
    i.delay_us                               0x080038f0   Section        0  delay.o(i.delay_us)
    i.delay_xms                              0x0800393c   Section        0  delay.o(i.delay_xms)
    i.deposit2_Put                           0x08003988   Section        0  run.o(i.deposit2_Put)
    i.deposit2_Run1                          0x08003a0c   Section        0  run.o(i.deposit2_Run1)
    i.deposit2_Run2                          0x08003a28   Section        0  run.o(i.deposit2_Run2)
    i.deposit2_Run_Main                      0x08003a9c   Section        0  run.o(i.deposit2_Run_Main)
    i.deposit_Put                            0x08003adc   Section        0  run.o(i.deposit_Put)
    i.deposit_Run1                           0x08003b60   Section        0  run.o(i.deposit_Run1)
    i.deposit_Run2                           0x08003b7c   Section        0  run.o(i.deposit_Run2)
    i.deposit_Run_Main                       0x08003bf0   Section        0  run.o(i.deposit_Run_Main)
    i.do_nothing                             0x08003c30   Section        0  keyndisp.o(i.do_nothing)
    do_nothing                               0x08003c31   Thumb Code     2  keyndisp.o(i.do_nothing)
    i.fabs                                   0x08003c32   Section        0  fabs.o(i.fabs)
    i.get_Obj                                0x08003c4a   Section        0  servo.o(i.get_Obj)
    i.get_Rough                              0x08003c74   Section        0  servo.o(i.get_Rough)
    i.home_Run1                              0x08003ca0   Section        0  run.o(i.home_Run1)
    i.home_Run_Main                          0x08003cf8   Section        0  run.o(i.home_Run_Main)
    i.key_logic_process                      0x08003d18   Section        0  keyndisp.o(i.key_logic_process)
    key_logic_process                        0x08003d19   Thumb Code   232  keyndisp.o(i.key_logic_process)
    i.key_read_col                           0x08003e20   Section        0  keyndisp.o(i.key_read_col)
    key_read_col                             0x08003e21   Thumb Code    58  keyndisp.o(i.key_read_col)
    i.key_scan_position                      0x08003e60   Section        0  keyndisp.o(i.key_scan_position)
    key_scan_position                        0x08003e61   Thumb Code   124  keyndisp.o(i.key_scan_position)
    i.main                                   0x08003ee0   Section        0  main.o(i.main)
    i.obj2_Run1                              0x08003f5c   Section        0  run.o(i.obj2_Run1)
    i.obj2_Run_Main                          0x08003fac   Section        0  run.o(i.obj2_Run_Main)
    i.obj_Run1                               0x08003fd8   Section        0  run.o(i.obj_Run1)
    i.obj_Run2                               0x08004008   Section        0  run.o(i.obj_Run2)
    i.obj_Run3                               0x08004050   Section        0  run.o(i.obj_Run3)
    i.obj_Run4                               0x08004084   Section        0  run.o(i.obj_Run4)
    i.obj_Run_Main                           0x080040b8   Section        0  run.o(i.obj_Run_Main)
    i.p0_r1                                  0x080040f8   Section        0  keyndisp.o(i.p0_r1)
    p0_r1                                    0x080040f9   Thumb Code    26  keyndisp.o(i.p0_r1)
    i.page_logic                             0x0800411c   Section        0  keyndisp.o(i.page_logic)
    page_logic                               0x0800411d   Thumb Code   140  keyndisp.o(i.page_logic)
    i.pid_calculate                          0x080041c4   Section        0  control.o(i.pid_calculate)
    i.put_Down_Dep                           0x0800434c   Section        0  servo.o(i.put_Down_Dep)
    i.put_Rough                              0x0800437a   Section        0  servo.o(i.put_Rough)
    i.put_Up_Dep                             0x080043a8   Section        0  servo.o(i.put_Up_Dep)
    i.qr_Run1                                0x080043d8   Section        0  run.o(i.qr_Run1)
    i.qr_Run2                                0x08004404   Section        0  run.o(i.qr_Run2)
    i.qr_Run3                                0x08004460   Section        0  run.o(i.qr_Run3)
    i.qr_Run_Main                            0x080044c4   Section        0  run.o(i.qr_Run_Main)
    i.reset_pid                              0x08004504   Section        0  control.o(i.reset_pid)
    i.rough_Get                              0x0800452c   Section        0  run.o(i.rough_Get)
    i.rough_Put                              0x080045cc   Section        0  run.o(i.rough_Put)
    i.rough_Run                              0x08004720   Section        0  run.o(i.rough_Run)
    i.rough_Run_Main                         0x08004888   Section        0  run.o(i.rough_Run_Main)
    i.row_logic                              0x080048a0   Section        0  keyndisp.o(i.row_logic)
    row_logic                                0x080048a1   Thumb Code    84  keyndisp.o(i.row_logic)
    i.runActionGroup                         0x080048f4   Section        0  lobotservocontroller.o(i.runActionGroup)
    i.servoDefault                           0x08004924   Section        0  servo.o(i.servoDefault)
    i.servoMvCalib                           0x08004930   Section        0  servo.o(i.servoMvCalib)
    i.servo_Action                           0x0800493c   Section        0  servo.o(i.servo_Action)
    i.set_pid                                0x080049c8   Section        0  control.o(i.set_pid)
    i.uartWriteBuf                           0x080049e0   Section        0  servo.o(i.uartWriteBuf)
    i.wheel_speed_calc                       0x08004a10   Section        0  control.o(i.wheel_speed_calc)
    .constdata                               0x08004b90   Section     1520  oled.o(.constdata)
    .constdata                               0x08005180   Section       48  cos_i.o(.constdata)
    C                                        0x08005180   Data          48  cos_i.o(.constdata)
    .constdata                               0x080051b0   Section      200  rred.o(.constdata)
    pio2s                                    0x080051b0   Data          48  rred.o(.constdata)
    twooverpi                                0x080051e0   Data         152  rred.o(.constdata)
    .constdata                               0x08005278   Section       40  sin_i.o(.constdata)
    S                                        0x08005278   Data          40  sin_i.o(.constdata)
    .data                                    0x20000000   Section       16  stm32f4xx_rcc.o(.data)
    APBAHBPrescTable                         0x20000000   Data          16  stm32f4xx_rcc.o(.data)
    .data                                    0x20000010   Section        5  flags.o(.data)
    .data                                    0x20000016   Section        4  delay.o(.data)
    fac_us                                   0x20000016   Data           1  delay.o(.data)
    fac_ms                                   0x20000018   Data           2  delay.o(.data)
    .data                                    0x2000001c   Section        4  led.o(.data)
    .data                                    0x20000020   Section       27  run.o(.data)
    buff_Index                               0x2000002a   Data           1  run.o(.data)
    buff_Index                               0x2000002b   Data           1  run.o(.data)
    position_run1                            0x2000002c   Data           1  run.o(.data)
    position_ok1                             0x2000002d   Data           1  run.o(.data)
    position_run2                            0x2000002e   Data           1  run.o(.data)
    position_ok2                             0x2000002f   Data           1  run.o(.data)
    position_run3                            0x20000030   Data           1  run.o(.data)
    position_ok3                             0x20000031   Data           1  run.o(.data)
    ops_calib_ok                             0x20000032   Data           1  run.o(.data)
    position_ok                              0x20000033   Data           1  run.o(.data)
    ops_calib_ok                             0x20000034   Data           1  run.o(.data)
    position_Des                             0x20000035   Data           1  run.o(.data)
    ops_calib_ok                             0x20000036   Data           1  run.o(.data)
    position_ok                              0x20000037   Data           1  run.o(.data)
    ops_calib_ok                             0x20000038   Data           1  run.o(.data)
    position_Des                             0x20000039   Data           1  run.o(.data)
    ops_calib_ok                             0x2000003a   Data           1  run.o(.data)
    .data                                    0x2000003c   Section       24  openmv.o(.data)
    .data                                    0x20000054   Section       24  ops.o(.data)
    ring_lock                                0x20000064   Data           1  ops.o(.data)
    new_value                                0x20000068   Data           4  ops.o(.data)
    .data                                    0x2000006c   Section       10  qrcode.o(.data)
    buffer_itr                               0x20000075   Data           1  qrcode.o(.data)
    .data                                    0x20000078   Section       60  control.o(.data)
    prev_x                                   0x200000a8   Data           4  control.o(.data)
    prev_y                                   0x200000ac   Data           4  control.o(.data)
    prev_heading                             0x200000b0   Data           4  control.o(.data)
    .data                                    0x200000b4   Section        3  serial.o(.data)
    buffer_itr                               0x200000b4   Data           1  serial.o(.data)
    rx_state                                 0x200000b5   Data           1  serial.o(.data)
    prev_data                                0x200000b6   Data           1  serial.o(.data)
    .data                                    0x200000b8   Section       40  keyndisp.o(.data)
    min_page                                 0x200000b8   Data           4  keyndisp.o(.data)
    max_page                                 0x200000bc   Data           4  keyndisp.o(.data)
    min_var_page                             0x200000c0   Data           4  keyndisp.o(.data)
    max_var_page                             0x200000c4   Data           4  keyndisp.o(.data)
    oled_rfsh_itr                            0x200000d8   Data           4  keyndisp.o(.data)
    press_down_lock                          0x200000dc   Data           4  keyndisp.o(.data)
    .data                                    0x200000e0   Section        4  errno.o(.data)
    _errno                                   0x200000e0   Data           4  errno.o(.data)
    .bss                                     0x200000e4   Section       25  openmv.o(.bss)
    .bss                                     0x20000100   Section       64  ops.o(.bss)
    .bss                                     0x20000140   Section      280  control.o(.bss)
    .bss                                     0x20000258   Section      144  lobotservocontroller.o(.bss)
    STACK                                    0x200002e8   Section     1024  startup_stm32f40_41xxx.o(STACK)

    Global Symbols

    Symbol Name                              Value     Ov Type        Size  Object(Section)

    BuildAttributes$$THM_ISAv4$E$P$D$K$B$S$7EM$VFPi3$EXTD16$VFPS$VFMA$PE$A:L22UL41UL21$X:L11$S22US41US21$IEEE1$IW$USESV6$~STKCKD$USESV7$~SHL$OTIME$ROPI$IEEEX$EBA8$MICROLIB$REQ8$PRES8$EABIv2 0x00000000   Number         0  anon$$obj.o ABSOLUTE
    __ARM_use_no_argv                        0x00000000   Number         0  main.o ABSOLUTE
    __arm_fini_                               - Undefined Weak Reference
    __cpp_initialize__aeabi_                  - Undefined Weak Reference
    __cxa_finalize                            - Undefined Weak Reference
    __decompress                              - Undefined Weak Reference
    _clock_init                               - Undefined Weak Reference
    _microlib_exit                            - Undefined Weak Reference
    __Vectors_Size                           0x00000188   Number         0  startup_stm32f40_41xxx.o ABSOLUTE
    __Vectors                                0x08000000   Data           4  startup_stm32f40_41xxx.o(RESET)
    __Vectors_End                            0x08000188   Data           0  startup_stm32f40_41xxx.o(RESET)
    __main                                   0x08000189   Thumb Code     0  entry.o(.ARM.Collect$$$$00000000)
    _main_stk                                0x08000189   Thumb Code     0  entry2.o(.ARM.Collect$$$$00000001)
    _main_scatterload                        0x0800018d   Thumb Code     0  entry5.o(.ARM.Collect$$$$00000004)
    __main_after_scatterload                 0x08000191   Thumb Code     0  entry5.o(.ARM.Collect$$$$00000004)
    _main_clock                              0x08000191   Thumb Code     0  entry7b.o(.ARM.Collect$$$$00000008)
    _main_cpp_init                           0x08000191   Thumb Code     0  entry8b.o(.ARM.Collect$$$$0000000A)
    _main_init                               0x08000191   Thumb Code     0  entry9a.o(.ARM.Collect$$$$0000000B)
    __rt_lib_shutdown_fini                   0x08000199   Thumb Code     0  entry12b.o(.ARM.Collect$$$$0000000E)
    __rt_final_cpp                           0x0800019d   Thumb Code     0  entry10a.o(.ARM.Collect$$$$0000000F)
    __rt_final_exit                          0x0800019d   Thumb Code     0  entry11a.o(.ARM.Collect$$$$00000011)
    Reset_Handler                            0x080001a1   Thumb Code     8  startup_stm32f40_41xxx.o(.text)
    ADC_IRQHandler                           0x080001bb   Thumb Code     0  startup_stm32f40_41xxx.o(.text)
    CAN1_RX0_IRQHandler                      0x080001bb   Thumb Code     0  startup_stm32f40_41xxx.o(.text)
    CAN1_RX1_IRQHandler                      0x080001bb   Thumb Code     0  startup_stm32f40_41xxx.o(.text)
    CAN1_SCE_IRQHandler                      0x080001bb   Thumb Code     0  startup_stm32f40_41xxx.o(.text)
    CAN1_TX_IRQHandler                       0x080001bb   Thumb Code     0  startup_stm32f40_41xxx.o(.text)
    CAN2_RX0_IRQHandler                      0x080001bb   Thumb Code     0  startup_stm32f40_41xxx.o(.text)
    CAN2_RX1_IRQHandler                      0x080001bb   Thumb Code     0  startup_stm32f40_41xxx.o(.text)
    CAN2_SCE_IRQHandler                      0x080001bb   Thumb Code     0  startup_stm32f40_41xxx.o(.text)
    CAN2_TX_IRQHandler                       0x080001bb   Thumb Code     0  startup_stm32f40_41xxx.o(.text)
    CRYP_IRQHandler                          0x080001bb   Thumb Code     0  startup_stm32f40_41xxx.o(.text)
    DCMI_IRQHandler                          0x080001bb   Thumb Code     0  startup_stm32f40_41xxx.o(.text)
    DMA1_Stream0_IRQHandler                  0x080001bb   Thumb Code     0  startup_stm32f40_41xxx.o(.text)
    DMA1_Stream1_IRQHandler                  0x080001bb   Thumb Code     0  startup_stm32f40_41xxx.o(.text)
    DMA1_Stream2_IRQHandler                  0x080001bb   Thumb Code     0  startup_stm32f40_41xxx.o(.text)
    DMA1_Stream3_IRQHandler                  0x080001bb   Thumb Code     0  startup_stm32f40_41xxx.o(.text)
    DMA1_Stream4_IRQHandler                  0x080001bb   Thumb Code     0  startup_stm32f40_41xxx.o(.text)
    DMA1_Stream5_IRQHandler                  0x080001bb   Thumb Code     0  startup_stm32f40_41xxx.o(.text)
    DMA1_Stream6_IRQHandler                  0x080001bb   Thumb Code     0  startup_stm32f40_41xxx.o(.text)
    DMA1_Stream7_IRQHandler                  0x080001bb   Thumb Code     0  startup_stm32f40_41xxx.o(.text)
    DMA2_Stream0_IRQHandler                  0x080001bb   Thumb Code     0  startup_stm32f40_41xxx.o(.text)
    DMA2_Stream1_IRQHandler                  0x080001bb   Thumb Code     0  startup_stm32f40_41xxx.o(.text)
    DMA2_Stream2_IRQHandler                  0x080001bb   Thumb Code     0  startup_stm32f40_41xxx.o(.text)
    DMA2_Stream3_IRQHandler                  0x080001bb   Thumb Code     0  startup_stm32f40_41xxx.o(.text)
    DMA2_Stream4_IRQHandler                  0x080001bb   Thumb Code     0  startup_stm32f40_41xxx.o(.text)
    DMA2_Stream5_IRQHandler                  0x080001bb   Thumb Code     0  startup_stm32f40_41xxx.o(.text)
    DMA2_Stream6_IRQHandler                  0x080001bb   Thumb Code     0  startup_stm32f40_41xxx.o(.text)
    DMA2_Stream7_IRQHandler                  0x080001bb   Thumb Code     0  startup_stm32f40_41xxx.o(.text)
    ETH_IRQHandler                           0x080001bb   Thumb Code     0  startup_stm32f40_41xxx.o(.text)
    ETH_WKUP_IRQHandler                      0x080001bb   Thumb Code     0  startup_stm32f40_41xxx.o(.text)
    EXTI0_IRQHandler                         0x080001bb   Thumb Code     0  startup_stm32f40_41xxx.o(.text)
    EXTI15_10_IRQHandler                     0x080001bb   Thumb Code     0  startup_stm32f40_41xxx.o(.text)
    EXTI1_IRQHandler                         0x080001bb   Thumb Code     0  startup_stm32f40_41xxx.o(.text)
    EXTI2_IRQHandler                         0x080001bb   Thumb Code     0  startup_stm32f40_41xxx.o(.text)
    EXTI3_IRQHandler                         0x080001bb   Thumb Code     0  startup_stm32f40_41xxx.o(.text)
    EXTI4_IRQHandler                         0x080001bb   Thumb Code     0  startup_stm32f40_41xxx.o(.text)
    EXTI9_5_IRQHandler                       0x080001bb   Thumb Code     0  startup_stm32f40_41xxx.o(.text)
    FLASH_IRQHandler                         0x080001bb   Thumb Code     0  startup_stm32f40_41xxx.o(.text)
    FPU_IRQHandler                           0x080001bb   Thumb Code     0  startup_stm32f40_41xxx.o(.text)
    FSMC_IRQHandler                          0x080001bb   Thumb Code     0  startup_stm32f40_41xxx.o(.text)
    HASH_RNG_IRQHandler                      0x080001bb   Thumb Code     0  startup_stm32f40_41xxx.o(.text)
    I2C1_ER_IRQHandler                       0x080001bb   Thumb Code     0  startup_stm32f40_41xxx.o(.text)
    I2C1_EV_IRQHandler                       0x080001bb   Thumb Code     0  startup_stm32f40_41xxx.o(.text)
    I2C2_ER_IRQHandler                       0x080001bb   Thumb Code     0  startup_stm32f40_41xxx.o(.text)
    I2C2_EV_IRQHandler                       0x080001bb   Thumb Code     0  startup_stm32f40_41xxx.o(.text)
    I2C3_ER_IRQHandler                       0x080001bb   Thumb Code     0  startup_stm32f40_41xxx.o(.text)
    I2C3_EV_IRQHandler                       0x080001bb   Thumb Code     0  startup_stm32f40_41xxx.o(.text)
    OTG_FS_IRQHandler                        0x080001bb   Thumb Code     0  startup_stm32f40_41xxx.o(.text)
    OTG_FS_WKUP_IRQHandler                   0x080001bb   Thumb Code     0  startup_stm32f40_41xxx.o(.text)
    OTG_HS_EP1_IN_IRQHandler                 0x080001bb   Thumb Code     0  startup_stm32f40_41xxx.o(.text)
    OTG_HS_EP1_OUT_IRQHandler                0x080001bb   Thumb Code     0  startup_stm32f40_41xxx.o(.text)
    OTG_HS_IRQHandler                        0x080001bb   Thumb Code     0  startup_stm32f40_41xxx.o(.text)
    OTG_HS_WKUP_IRQHandler                   0x080001bb   Thumb Code     0  startup_stm32f40_41xxx.o(.text)
    PVD_IRQHandler                           0x080001bb   Thumb Code     0  startup_stm32f40_41xxx.o(.text)
    RCC_IRQHandler                           0x080001bb   Thumb Code     0  startup_stm32f40_41xxx.o(.text)
    RTC_Alarm_IRQHandler                     0x080001bb   Thumb Code     0  startup_stm32f40_41xxx.o(.text)
    RTC_WKUP_IRQHandler                      0x080001bb   Thumb Code     0  startup_stm32f40_41xxx.o(.text)
    SDIO_IRQHandler                          0x080001bb   Thumb Code     0  startup_stm32f40_41xxx.o(.text)
    SPI1_IRQHandler                          0x080001bb   Thumb Code     0  startup_stm32f40_41xxx.o(.text)
    SPI2_IRQHandler                          0x080001bb   Thumb Code     0  startup_stm32f40_41xxx.o(.text)
    SPI3_IRQHandler                          0x080001bb   Thumb Code     0  startup_stm32f40_41xxx.o(.text)
    TAMP_STAMP_IRQHandler                    0x080001bb   Thumb Code     0  startup_stm32f40_41xxx.o(.text)
    TIM1_BRK_TIM9_IRQHandler                 0x080001bb   Thumb Code     0  startup_stm32f40_41xxx.o(.text)
    TIM1_CC_IRQHandler                       0x080001bb   Thumb Code     0  startup_stm32f40_41xxx.o(.text)
    TIM1_TRG_COM_TIM11_IRQHandler            0x080001bb   Thumb Code     0  startup_stm32f40_41xxx.o(.text)
    TIM1_UP_TIM10_IRQHandler                 0x080001bb   Thumb Code     0  startup_stm32f40_41xxx.o(.text)
    TIM2_IRQHandler                          0x080001bb   Thumb Code     0  startup_stm32f40_41xxx.o(.text)
    TIM3_IRQHandler                          0x080001bb   Thumb Code     0  startup_stm32f40_41xxx.o(.text)
    TIM4_IRQHandler                          0x080001bb   Thumb Code     0  startup_stm32f40_41xxx.o(.text)
    TIM5_IRQHandler                          0x080001bb   Thumb Code     0  startup_stm32f40_41xxx.o(.text)
    TIM6_DAC_IRQHandler                      0x080001bb   Thumb Code     0  startup_stm32f40_41xxx.o(.text)
    TIM7_IRQHandler                          0x080001bb   Thumb Code     0  startup_stm32f40_41xxx.o(.text)
    TIM8_BRK_TIM12_IRQHandler                0x080001bb   Thumb Code     0  startup_stm32f40_41xxx.o(.text)
    TIM8_CC_IRQHandler                       0x080001bb   Thumb Code     0  startup_stm32f40_41xxx.o(.text)
    TIM8_TRG_COM_TIM14_IRQHandler            0x080001bb   Thumb Code     0  startup_stm32f40_41xxx.o(.text)
    TIM8_UP_TIM13_IRQHandler                 0x080001bb   Thumb Code     0  startup_stm32f40_41xxx.o(.text)
    USART1_IRQHandler                        0x080001bb   Thumb Code     0  startup_stm32f40_41xxx.o(.text)
    USART3_IRQHandler                        0x080001bb   Thumb Code     0  startup_stm32f40_41xxx.o(.text)
    USART6_IRQHandler                        0x080001bb   Thumb Code     0  startup_stm32f40_41xxx.o(.text)
    WWDG_IRQHandler                          0x080001bb   Thumb Code     0  startup_stm32f40_41xxx.o(.text)
    __aeabi_dadd                             0x080001c5   Thumb Code   322  dadd.o(.text)
    __aeabi_dsub                             0x08000307   Thumb Code     6  dadd.o(.text)
    __aeabi_drsub                            0x0800030d   Thumb Code     6  dadd.o(.text)
    __aeabi_dmul                             0x08000313   Thumb Code   228  dmul.o(.text)
    __aeabi_i2d                              0x080003f7   Thumb Code    34  dflti.o(.text)
    __aeabi_d2iz                             0x08000419   Thumb Code    62  dfixi.o(.text)
    __aeabi_f2d                              0x08000457   Thumb Code    38  f2d.o(.text)
    __aeabi_cdcmpeq                          0x0800047d   Thumb Code     0  cdcmple.o(.text)
    __aeabi_cdcmple                          0x0800047d   Thumb Code    48  cdcmple.o(.text)
    __aeabi_cdrcmple                         0x080004ad   Thumb Code    48  cdrcmple.o(.text)
    __aeabi_d2f                              0x080004dd   Thumb Code    56  d2f.o(.text)
    __aeabi_llsl                             0x08000515   Thumb Code    30  llshl.o(.text)
    _ll_shift_l                              0x08000515   Thumb Code     0  llshl.o(.text)
    __aeabi_llsr                             0x08000533   Thumb Code    32  llushr.o(.text)
    _ll_ushift_r                             0x08000533   Thumb Code     0  llushr.o(.text)
    __aeabi_lasr                             0x08000553   Thumb Code    36  llsshr.o(.text)
    _ll_sshift_r                             0x08000553   Thumb Code     0  llsshr.o(.text)
    __I$use$fp                               0x08000577   Thumb Code     0  iusefp.o(.text)
    _float_round                             0x08000577   Thumb Code    18  fepilogue.o(.text)
    _float_epilogue                          0x08000589   Thumb Code    92  fepilogue.o(.text)
    _double_round                            0x080005e5   Thumb Code    30  depilogue.o(.text)
    _double_epilogue                         0x08000603   Thumb Code   156  depilogue.o(.text)
    __scatterload                            0x080006a1   Thumb Code    28  init.o(.text)
    __scatterload_rt2                        0x080006a1   Thumb Code     0  init.o(.text)
    __aeabi_ddiv                             0x080006c5   Thumb Code   222  ddiv.o(.text)
    __aeabi_ui2d                             0x080007a3   Thumb Code    26  dfltui.o(.text)
    BusFault_Handler                         0x080007bd   Thumb Code     4  stm32f4xx_it.o(i.BusFault_Handler)
    Control_Display_Specs                    0x080007c1   Thumb Code   110  control.o(i.Control_Display_Specs)
    Control_Init                             0x08000849   Thumb Code   194  control.o(i.Control_Init)
    Control_Motor_Init                       0x0800094d   Thumb Code   112  motor.o(i.Control_Motor_Init)
    DebugMon_Handler                         0x080009c9   Thumb Code     2  stm32f4xx_it.o(i.DebugMon_Handler)
    GPIO_Init                                0x080009cb   Thumb Code   144  stm32f4xx_gpio.o(i.GPIO_Init)
    GPIO_PinAFConfig                         0x08000a5b   Thumb Code    70  stm32f4xx_gpio.o(i.GPIO_PinAFConfig)
    GPIO_ReadInputDataBit                    0x08000aa1   Thumb Code    18  stm32f4xx_gpio.o(i.GPIO_ReadInputDataBit)
    GPIO_ResetBits                           0x08000ab3   Thumb Code     4  stm32f4xx_gpio.o(i.GPIO_ResetBits)
    GPIO_SetBits                             0x08000ab7   Thumb Code     4  stm32f4xx_gpio.o(i.GPIO_SetBits)
    GPIO_WriteBit                            0x08000abb   Thumb Code    10  stm32f4xx_gpio.o(i.GPIO_WriteBit)
    HardFault_Handler                        0x08000ac5   Thumb Code     4  stm32f4xx_it.o(i.HardFault_Handler)
    Infrared_Scan                            0x08000ac9   Thumb Code    54  infrared.o(i.Infrared_Scan)
    Input_Disp_Loop                          0x08000b05   Thumb Code   290  keyndisp.o(i.Input_Disp_Loop)
    KEY_Init                                 0x08000c7d   Thumb Code    64  keyndisp.o(i.KEY_Init)
    LED_Flip                                 0x08000cc1   Thumb Code    68  led.o(i.LED_Flip)
    LED_Init                                 0x08000d0d   Thumb Code    56  led.o(i.LED_Init)
    MemManage_Handler                        0x08000d49   Thumb Code     4  stm32f4xx_it.o(i.MemManage_Handler)
    MotorA_SetSpeed                          0x08000d4d   Thumb Code    92  motor.o(i.MotorA_SetSpeed)
    MotorB_SetSpeed                          0x08000dbd   Thumb Code    50  motor.o(i.MotorB_SetSpeed)
    MotorC_SetSpeed                          0x08000dfd   Thumb Code    92  motor.o(i.MotorC_SetSpeed)
    MotorD_SetSpeed                          0x08000e6d   Thumb Code    92  motor.o(i.MotorD_SetSpeed)
    Motor_Init                               0x08000edd   Thumb Code    18  motor.o(i.Motor_Init)
    NMI_Handler                              0x08000eef   Thumb Code     2  stm32f4xx_it.o(i.NMI_Handler)
    NVIC_Init                                0x08000ef1   Thumb Code   106  misc.o(i.NVIC_Init)
    NVIC_PriorityGroupConfig                 0x08000f69   Thumb Code    10  misc.o(i.NVIC_PriorityGroupConfig)
    OLED_Clear                               0x08000f7d   Thumb Code    42  oled.o(i.OLED_Clear)
    OLED_I2C_Init                            0x08000fa9   Thumb Code    72  oled.o(i.OLED_I2C_Init)
    OLED_I2C_SendByte                        0x08000ff5   Thumb Code   126  oled.o(i.OLED_I2C_SendByte)
    OLED_I2C_Start                           0x08001079   Thumb Code    64  oled.o(i.OLED_I2C_Start)
    OLED_I2C_Stop                            0x080010bd   Thumb Code    54  oled.o(i.OLED_I2C_Stop)
    OLED_Init                                0x080010f9   Thumb Code   174  oled.o(i.OLED_Init)
    OLED_Pow                                 0x080011a7   Thumb Code    20  oled.o(i.OLED_Pow)
    OLED_SetCursor                           0x080011bb   Thumb Code    34  oled.o(i.OLED_SetCursor)
    OLED_ShowChar                            0x080011dd   Thumb Code   110  oled.o(i.OLED_ShowChar)
    OLED_ShowSignedNum                       0x08001251   Thumb Code   102  oled.o(i.OLED_ShowSignedNum)
    OLED_ShowString                          0x080012b7   Thumb Code    40  oled.o(i.OLED_ShowString)
    OLED_WriteCommand                        0x080012df   Thumb Code    32  oled.o(i.OLED_WriteCommand)
    OLED_WriteData                           0x080012ff   Thumb Code    32  oled.o(i.OLED_WriteData)
    OPS_Calibrate                            0x08001321   Thumb Code   140  ops.o(i.OPS_Calibrate)
    OPS_Display_Specs                        0x080013c1   Thumb Code   118  ops.o(i.OPS_Display_Specs)
    OPS_Init                                 0x08001455   Thumb Code     8  ops.o(i.OPS_Init)
    OPS_UART_Config                          0x0800145d   Thumb Code   184  ops.o(i.OPS_UART_Config)
    OpenMV_Change_Mode                       0x08001521   Thumb Code    84  openmv.o(i.OpenMV_Change_Mode)
    OpenMV_Display_Specs                     0x08001595   Thumb Code    52  openmv.o(i.OpenMV_Display_Specs)
    Openmv_Correction_Ready                  0x080015dd   Thumb Code    48  control.o(i.Openmv_Correction_Ready)
    PendSV_Handler                           0x08001615   Thumb Code     2  stm32f4xx_it.o(i.PendSV_Handler)
    QRCODE_UART_Config                       0x08001619   Thumb Code   176  qrcode.o(i.QRCODE_UART_Config)
    QR_Ready                                 0x080016d1   Thumb Code     6  qrcode.o(i.QR_Ready)
    RCC_AHB1PeriphClockCmd                   0x080016dd   Thumb Code    26  stm32f4xx_rcc.o(i.RCC_AHB1PeriphClockCmd)
    RCC_APB1PeriphClockCmd                   0x080016fd   Thumb Code    26  stm32f4xx_rcc.o(i.RCC_APB1PeriphClockCmd)
    RCC_APB1PeriphResetCmd                   0x0800171d   Thumb Code    26  stm32f4xx_rcc.o(i.RCC_APB1PeriphResetCmd)
    RCC_APB2PeriphResetCmd                   0x0800173d   Thumb Code    26  stm32f4xx_rcc.o(i.RCC_APB2PeriphResetCmd)
    RCC_GetClocksFreq                        0x0800175d   Thumb Code   214  stm32f4xx_rcc.o(i.RCC_GetClocksFreq)
    Run                                      0x08001845   Thumb Code    78  run.o(i.Run)
    SVC_Handler                              0x08001899   Thumb Code     2  stm32f4xx_it.o(i.SVC_Handler)
    Serial_Receive_Data_LH                   0x0800189d   Thumb Code   272  serial.o(i.Serial_Receive_Data_LH)
    Serial_SendArray                         0x080019b9   Thumb Code    32  serial.o(i.Serial_SendArray)
    Serial_SendByte                          0x080019d9   Thumb Code    30  serial.o(i.Serial_SendByte)
    Set_Control_Mode                         0x08001ae5   Thumb Code    96  control.o(i.Set_Control_Mode)
    Set_Speed                                0x08001b79   Thumb Code    20  control.o(i.Set_Speed)
    Set_Speed_All                            0x08001b99   Thumb Code    40  motor.o(i.Set_Speed_All)
    Set_Target_Coordinate                    0x08001bc1   Thumb Code    14  control.o(i.Set_Target_Coordinate)
    Set_Target_Heading                       0x08001bd9   Thumb Code     8  control.o(i.Set_Target_Heading)
    SysTick_CLKSourceConfig                  0x08001be5   Thumb Code    40  misc.o(i.SysTick_CLKSourceConfig)
    SysTick_Handler                          0x08001c0d   Thumb Code     2  stm32f4xx_it.o(i.SysTick_Handler)
    SystemInit                               0x08001c11   Thumb Code    88  system_stm32f4xx.o(i.SystemInit)
    System_Test                              0x08001c79   Thumb Code   104  keyndisp.o(i.System_Test)
    TIM_ARRPreloadConfig                     0x08001ce1   Thumb Code    24  stm32f4xx_tim.o(i.TIM_ARRPreloadConfig)
    TIM_Cmd                                  0x08001cf9   Thumb Code    24  stm32f4xx_tim.o(i.TIM_Cmd)
    TIM_DeInit                               0x08001d11   Thumb Code   346  stm32f4xx_tim.o(i.TIM_DeInit)
    TIM_OC2Init                              0x08001ea1   Thumb Code   154  stm32f4xx_tim.o(i.TIM_OC2Init)
    TIM_OC2PreloadConfig                     0x08001f45   Thumb Code    26  stm32f4xx_tim.o(i.TIM_OC2PreloadConfig)
    TIM_OC3Init                              0x08001f61   Thumb Code   150  stm32f4xx_tim.o(i.TIM_OC3Init)
    TIM_OC3PreloadConfig                     0x08002001   Thumb Code    18  stm32f4xx_tim.o(i.TIM_OC3PreloadConfig)
    TIM_OC4Init                              0x08002015   Thumb Code   112  stm32f4xx_tim.o(i.TIM_OC4Init)
    TIM_OC4PreloadConfig                     0x0800208d   Thumb Code    26  stm32f4xx_tim.o(i.TIM_OC4PreloadConfig)
    TIM_PWM_Init                             0x080020a9   Thumb Code   422  motor.o(i.TIM_PWM_Init)
    TIM_TimeBaseInit                         0x08002261   Thumb Code   104  stm32f4xx_tim.o(i.TIM_TimeBaseInit)
    Turn_Right90                             0x080022e5   Thumb Code   156  control.o(i.Turn_Right90)
    UART4_IRQHandler                         0x080023a5   Thumb Code   190  qrcode.o(i.UART4_IRQHandler)
    UART5_IRQHandler                         0x08002475   Thumb Code   350  ops.o(i.UART5_IRQHandler)
    USART2_IRQHandler                        0x08002605   Thumb Code   196  openmv.o(i.USART2_IRQHandler)
    USART_ClearITPendingBit                  0x080026ed   Thumb Code    30  stm32f4xx_usart.o(i.USART_ClearITPendingBit)
    USART_Cmd                                0x0800270b   Thumb Code    24  stm32f4xx_usart.o(i.USART_Cmd)
    USART_GetFlagStatus                      0x08002723   Thumb Code    26  stm32f4xx_usart.o(i.USART_GetFlagStatus)
    USART_GetITStatus                        0x0800273d   Thumb Code    84  stm32f4xx_usart.o(i.USART_GetITStatus)
    USART_ITConfig                           0x08002791   Thumb Code    74  stm32f4xx_usart.o(i.USART_ITConfig)
    USART_Init                               0x080027dd   Thumb Code   204  stm32f4xx_usart.o(i.USART_Init)
    USART_ReceiveData                        0x080028b1   Thumb Code    10  stm32f4xx_usart.o(i.USART_ReceiveData)
    USART_SendData                           0x080028bb   Thumb Code     8  stm32f4xx_usart.o(i.USART_SendData)
    UsageFault_Handler                       0x080028c3   Thumb Code     4  stm32f4xx_it.o(i.UsageFault_Handler)
    Wheel_Run_Loop                           0x080028c9   Thumb Code    88  control.o(i.Wheel_Run_Loop)
    __ARM_fpclassify                         0x08002941   Thumb Code    48  fpclassify.o(i.__ARM_fpclassify)
    __hardfp_cos                             0x08002971   Thumb Code   180  cos.o(i.__hardfp_cos)
    __hardfp_fabs                            0x08002a39   Thumb Code    20  fabs.o(i.__hardfp_fabs)
    __hardfp_sin                             0x08002a51   Thumb Code   180  sin.o(i.__hardfp_sin)
    __ieee754_rem_pio2                       0x08002b19   Thumb Code   938  rred.o(i.__ieee754_rem_pio2)
    __kernel_cos                             0x08002f51   Thumb Code   322  cos_i.o(i.__kernel_cos)
    __kernel_poly                            0x080030c1   Thumb Code   248  poly.o(i.__kernel_poly)
    __kernel_sin                             0x080031b9   Thumb Code   280  sin_i.o(i.__kernel_sin)
    __mathlib_dbl_infnan                     0x080032e9   Thumb Code    20  dunder.o(i.__mathlib_dbl_infnan)
    __mathlib_dbl_invalid                    0x08003301   Thumb Code    24  dunder.o(i.__mathlib_dbl_invalid)
    __mathlib_dbl_underflow                  0x08003321   Thumb Code    24  dunder.o(i.__mathlib_dbl_underflow)
    __scatterload_copy                       0x08003341   Thumb Code    14  handlers.o(i.__scatterload_copy)
    __scatterload_null                       0x0800334f   Thumb Code     2  handlers.o(i.__scatterload_null)
    __scatterload_zeroinit                   0x08003351   Thumb Code    14  handlers.o(i.__scatterload_zeroinit)
    __set_errno                              0x08003361   Thumb Code     6  errno.o(i.__set_errno)
    backObj_Run1                             0x0800336d   Thumb Code    90  run.o(i.backObj_Run1)
    backObj_Run_Main                         0x080033d9   Thumb Code    44  run.o(i.backObj_Run_Main)
    check_stable                             0x0800343d   Thumb Code   454  control.o(i.check_stable)
    coordinate_Loop                          0x08003651   Thumb Code   484  control.o(i.coordinate_Loop)
    delay_init                               0x0800387d   Thumb Code    52  delay.o(i.delay_init)
    delay_ms                                 0x080038b9   Thumb Code    56  delay.o(i.delay_ms)
    delay_us                                 0x080038f1   Thumb Code    72  delay.o(i.delay_us)
    delay_xms                                0x0800393d   Thumb Code    72  delay.o(i.delay_xms)
    deposit2_Put                             0x08003989   Thumb Code   116  run.o(i.deposit2_Put)
    deposit2_Run1                            0x08003a0d   Thumb Code    18  run.o(i.deposit2_Run1)
    deposit2_Run2                            0x08003a29   Thumb Code    96  run.o(i.deposit2_Run2)
    deposit2_Run_Main                        0x08003a9d   Thumb Code    54  run.o(i.deposit2_Run_Main)
    deposit_Put                              0x08003add   Thumb Code   116  run.o(i.deposit_Put)
    deposit_Run1                             0x08003b61   Thumb Code    18  run.o(i.deposit_Run1)
    deposit_Run2                             0x08003b7d   Thumb Code    96  run.o(i.deposit_Run2)
    deposit_Run_Main                         0x08003bf1   Thumb Code    54  run.o(i.deposit_Run_Main)
    fabs                                     0x08003c33   Thumb Code    24  fabs.o(i.fabs)
    get_Obj                                  0x08003c4b   Thumb Code    42  servo.o(i.get_Obj)
    get_Rough                                0x08003c75   Thumb Code    42  servo.o(i.get_Rough)
    home_Run1                                0x08003ca1   Thumb Code    70  run.o(i.home_Run1)
    home_Run_Main                            0x08003cf9   Thumb Code    28  run.o(i.home_Run_Main)
    main                                     0x08003ee1   Thumb Code   100  main.o(i.main)
    obj2_Run1                                0x08003f5d   Thumb Code    62  run.o(i.obj2_Run1)
    obj2_Run_Main                            0x08003fad   Thumb Code    34  run.o(i.obj2_Run_Main)
    obj_Run1                                 0x08003fd9   Thumb Code    36  run.o(i.obj_Run1)
    obj_Run2                                 0x08004009   Thumb Code    56  run.o(i.obj_Run2)
    obj_Run3                                 0x08004051   Thumb Code    40  run.o(i.obj_Run3)
    obj_Run4                                 0x08004085   Thumb Code    44  run.o(i.obj_Run4)
    obj_Run_Main                             0x080040b9   Thumb Code    56  run.o(i.obj_Run_Main)
    pid_calculate                            0x080041c5   Thumb Code   386  control.o(i.pid_calculate)
    put_Down_Dep                             0x0800434d   Thumb Code    46  servo.o(i.put_Down_Dep)
    put_Rough                                0x0800437b   Thumb Code    46  servo.o(i.put_Rough)
    put_Up_Dep                               0x080043a9   Thumb Code    46  servo.o(i.put_Up_Dep)
    qr_Run1                                  0x080043d9   Thumb Code    32  run.o(i.qr_Run1)
    qr_Run2                                  0x08004405   Thumb Code    66  run.o(i.qr_Run2)
    qr_Run3                                  0x08004461   Thumb Code    82  run.o(i.qr_Run3)
    qr_Run_Main                              0x080044c5   Thumb Code    54  run.o(i.qr_Run_Main)
    reset_pid                                0x08004505   Thumb Code    34  control.o(i.reset_pid)
    rough_Get                                0x0800452d   Thumb Code   144  run.o(i.rough_Get)
    rough_Put                                0x080045cd   Thumb Code   310  run.o(i.rough_Put)
    rough_Run                                0x08004721   Thumb Code   308  run.o(i.rough_Run)
    rough_Run_Main                           0x08004889   Thumb Code    20  run.o(i.rough_Run_Main)
    runActionGroup                           0x080048f5   Thumb Code    42  lobotservocontroller.o(i.runActionGroup)
    servoDefault                             0x08004925   Thumb Code    12  servo.o(i.servoDefault)
    servoMvCalib                             0x08004931   Thumb Code    12  servo.o(i.servoMvCalib)
    servo_Action                             0x0800493d   Thumb Code   136  servo.o(i.servo_Action)
    set_pid                                  0x080049c9   Thumb Code    22  control.o(i.set_pid)
    uartWriteBuf                             0x080049e1   Thumb Code    44  servo.o(i.uartWriteBuf)
    wheel_speed_calc                         0x08004a11   Thumb Code   356  control.o(i.wheel_speed_calc)
    OLED_F8x16                               0x08004b90   Data        1520  oled.o(.constdata)
    Region$$Table$$Base                      0x080052a0   Number         0  anon$$obj.o(Region$$Table)
    Region$$Table$$Limit                     0x080052c0   Number         0  anon$$obj.o(Region$$Table)
    flag_start                               0x20000010   Data           1  flags.o(.data)
    flag_openmv_mode                         0x20000011   Data           1  flags.o(.data)
    flag_ops_ready                           0x20000012   Data           1  flags.o(.data)
    flag_stable                              0x20000013   Data           1  flags.o(.data)
    flag_arrive                              0x20000014   Data           1  flags.o(.data)
    LED_State                                0x2000001c   Data           4  led.o(.data)
    color_Index                              0x20000020   Data           1  run.o(.data)
    run_Mode                                 0x20000021   Data           1  run.o(.data)
    qr_Run_State                             0x20000022   Data           1  run.o(.data)
    obj_Run_State                            0x20000023   Data           1  run.o(.data)
    rough_Run_State                          0x20000024   Data           1  run.o(.data)
    deposit_Run_State                        0x20000025   Data           1  run.o(.data)
    backObj_Run_State                        0x20000026   Data           1  run.o(.data)
    obj2_Run_State                           0x20000027   Data           1  run.o(.data)
    deposit2_Run_State                       0x20000028   Data           1  run.o(.data)
    home_Run_State                           0x20000029   Data           1  run.o(.data)
    mv_target_cx                             0x2000003c   Data           4  openmv.o(.data)
    mv_target_cy                             0x20000040   Data           4  openmv.o(.data)
    mark1                                    0x20000044   Data           1  openmv.o(.data)
    IMAGE_SIZE_X                             0x20000048   Data           4  openmv.o(.data)
    IMAGE_SIZE_Y                             0x2000004c   Data           4  openmv.o(.data)
    SET_RETRY_LIMIT                          0x20000050   Data           4  openmv.o(.data)
    OPS_x                                    0x20000054   Data           4  ops.o(.data)
    OPS_y                                    0x20000058   Data           4  ops.o(.data)
    OPS_heading                              0x2000005c   Data           4  ops.o(.data)
    OPS_ring                                 0x20000060   Data           4  ops.o(.data)
    qr_state                                 0x2000006c   Data           1  qrcode.o(.data)
    qr_buff                                  0x2000006d   Data           8  qrcode.o(.data)
    speed_limit                              0x20000078   Data           1  control.o(.data)
    angular_speed_limit                      0x20000079   Data           1  control.o(.data)
    target_x                                 0x2000007c   Data           4  control.o(.data)
    target_y                                 0x20000080   Data           4  control.o(.data)
    target_heading                           0x20000084   Data           4  control.o(.data)
    control_mode                             0x20000088   Data           1  control.o(.data)
    vx                                       0x2000008c   Data           4  control.o(.data)
    vy                                       0x20000090   Data           4  control.o(.data)
    w                                        0x20000094   Data           4  control.o(.data)
    motorA_speed                             0x20000098   Data           4  control.o(.data)
    motorB_speed                             0x2000009c   Data           4  control.o(.data)
    motorC_speed                             0x200000a0   Data           4  control.o(.data)
    motorD_speed                             0x200000a4   Data           4  control.o(.data)
    flag_varmod                              0x200000c8   Data           4  keyndisp.o(.data)
    flag_page                                0x200000cc   Data           4  keyndisp.o(.data)
    flag_var_page                            0x200000d0   Data           4  keyndisp.o(.data)
    row                                      0x200000d4   Data           4  keyndisp.o(.data)
    OMV_Rx_Buffer                            0x200000e4   Data          15  openmv.o(.bss)
    OMV_data                                 0x200000f3   Data          10  openmv.o(.bss)
    OPS_Rx_Buffer                            0x20000100   Data          32  ops.o(.bss)
    OPS_data                                 0x20000120   Data          32  ops.o(.bss)
    x_pid                                    0x20000140   Data          56  control.o(.bss)
    y_pid                                    0x20000178   Data          56  control.o(.bss)
    heading_pid                              0x200001b0   Data          56  control.o(.bss)
    openmv_x_PID                             0x200001e8   Data          56  control.o(.bss)
    openmv_y_PID                             0x20000220   Data          56  control.o(.bss)
    LobotTxBuf                               0x20000258   Data         128  lobotservocontroller.o(.bss)
    LobotRxBuf                               0x200002d8   Data          16  lobotservocontroller.o(.bss)
    __initial_sp                             0x200006e8   Data           0  startup_stm32f40_41xxx.o(STACK)



==============================================================================

Memory Map of the image

  Image Entry point : 0x08000189

  Load Region LR_IROM1 (Base: 0x08000000, Size: 0x000053a4, Max: 0x00100000, ABSOLUTE)

    Execution Region ER_IROM1 (Exec base: 0x08000000, Load base: 0x08000000, Size: 0x000052c0, Max: 0x00100000, ABSOLUTE)

    Exec Addr    Load Addr    Size         Type   Attr      Idx    E Section Name        Object

    0x08000000   0x08000000   0x00000188   Data   RO            3    RESET               startup_stm32f40_41xxx.o
    0x08000188   0x08000188   0x00000000   Code   RO         6683  * .ARM.Collect$$$$00000000  mc_w.l(entry.o)
    0x08000188   0x08000188   0x00000004   Code   RO         6734    .ARM.Collect$$$$00000001  mc_w.l(entry2.o)
    0x0800018c   0x0800018c   0x00000004   Code   RO         6737    .ARM.Collect$$$$00000004  mc_w.l(entry5.o)
    0x08000190   0x08000190   0x00000000   Code   RO         6739    .ARM.Collect$$$$00000008  mc_w.l(entry7b.o)
    0x08000190   0x08000190   0x00000000   Code   RO         6741    .ARM.Collect$$$$0000000A  mc_w.l(entry8b.o)
    0x08000190   0x08000190   0x00000008   Code   RO         6742    .ARM.Collect$$$$0000000B  mc_w.l(entry9a.o)
    0x08000198   0x08000198   0x00000004   Code   RO         6749    .ARM.Collect$$$$0000000E  mc_w.l(entry12b.o)
    0x0800019c   0x0800019c   0x00000000   Code   RO         6744    .ARM.Collect$$$$0000000F  mc_w.l(entry10a.o)
    0x0800019c   0x0800019c   0x00000000   Code   RO         6746    .ARM.Collect$$$$00000011  mc_w.l(entry11a.o)
    0x0800019c   0x0800019c   0x00000004   Code   RO         6735    .ARM.Collect$$$$00002712  mc_w.l(entry2.o)
    0x080001a0   0x080001a0   0x00000024   Code   RO            4    .text               startup_stm32f40_41xxx.o
    0x080001c4   0x080001c4   0x0000014e   Code   RO         6690    .text               mf_w.l(dadd.o)
    0x08000312   0x08000312   0x000000e4   Code   RO         6692    .text               mf_w.l(dmul.o)
    0x080003f6   0x080003f6   0x00000022   Code   RO         6694    .text               mf_w.l(dflti.o)
    0x08000418   0x08000418   0x0000003e   Code   RO         6696    .text               mf_w.l(dfixi.o)
    0x08000456   0x08000456   0x00000026   Code   RO         6698    .text               mf_w.l(f2d.o)
    0x0800047c   0x0800047c   0x00000030   Code   RO         6700    .text               mf_w.l(cdcmple.o)
    0x080004ac   0x080004ac   0x00000030   Code   RO         6702    .text               mf_w.l(cdrcmple.o)
    0x080004dc   0x080004dc   0x00000038   Code   RO         6704    .text               mf_w.l(d2f.o)
    0x08000514   0x08000514   0x0000001e   Code   RO         6750    .text               mc_w.l(llshl.o)
    0x08000532   0x08000532   0x00000020   Code   RO         6752    .text               mc_w.l(llushr.o)
    0x08000552   0x08000552   0x00000024   Code   RO         6754    .text               mc_w.l(llsshr.o)
    0x08000576   0x08000576   0x00000000   Code   RO         6763    .text               mc_w.l(iusefp.o)
    0x08000576   0x08000576   0x0000006e   Code   RO         6764    .text               mf_w.l(fepilogue.o)
    0x080005e4   0x080005e4   0x000000ba   Code   RO         6766    .text               mf_w.l(depilogue.o)
    0x0800069e   0x0800069e   0x00000002   PAD
    0x080006a0   0x080006a0   0x00000024   Code   RO         6774    .text               mc_w.l(init.o)
    0x080006c4   0x080006c4   0x000000de   Code   RO         6776    .text               mf_w.l(ddiv.o)
    0x080007a2   0x080007a2   0x0000001a   Code   RO         6778    .text               mf_w.l(dfltui.o)
    0x080007bc   0x080007bc   0x00000004   Code   RO         5244    i.BusFault_Handler  stm32f4xx_it.o
    0x080007c0   0x080007c0   0x00000088   Code   RO         6163    i.Control_Display_Specs  control.o
    0x08000848   0x08000848   0x00000104   Code   RO         6164    i.Control_Init      control.o
    0x0800094c   0x0800094c   0x0000007c   Code   RO         6094    i.Control_Motor_Init  motor.o
    0x080009c8   0x080009c8   0x00000002   Code   RO         5245    i.DebugMon_Handler  stm32f4xx_it.o
    0x080009ca   0x080009ca   0x00000090   Code   RO         1993    i.GPIO_Init         stm32f4xx_gpio.o
    0x08000a5a   0x08000a5a   0x00000046   Code   RO         1994    i.GPIO_PinAFConfig  stm32f4xx_gpio.o
    0x08000aa0   0x08000aa0   0x00000012   Code   RO         1997    i.GPIO_ReadInputDataBit  stm32f4xx_gpio.o
    0x08000ab2   0x08000ab2   0x00000004   Code   RO         2000    i.GPIO_ResetBits    stm32f4xx_gpio.o
    0x08000ab6   0x08000ab6   0x00000004   Code   RO         2001    i.GPIO_SetBits      stm32f4xx_gpio.o
    0x08000aba   0x08000aba   0x0000000a   Code   RO         2005    i.GPIO_WriteBit     stm32f4xx_gpio.o
    0x08000ac4   0x08000ac4   0x00000004   Code   RO         5246    i.HardFault_Handler  stm32f4xx_it.o
    0x08000ac8   0x08000ac8   0x0000003c   Code   RO         5891    i.Infrared_Scan     infrared.o
    0x08000b04   0x08000b04   0x00000178   Code   RO         6350    i.Input_Disp_Loop   keyndisp.o
    0x08000c7c   0x08000c7c   0x00000044   Code   RO         6351    i.KEY_Init          keyndisp.o
    0x08000cc0   0x08000cc0   0x0000004c   Code   RO         5429    i.LED_Flip          led.o
    0x08000d0c   0x08000d0c   0x0000003c   Code   RO         5430    i.LED_Init          led.o
    0x08000d48   0x08000d48   0x00000004   Code   RO         5247    i.MemManage_Handler  stm32f4xx_it.o
    0x08000d4c   0x08000d4c   0x00000070   Code   RO         6095    i.MotorA_SetSpeed   motor.o
    0x08000dbc   0x08000dbc   0x00000040   Code   RO         6096    i.MotorB_SetSpeed   motor.o
    0x08000dfc   0x08000dfc   0x00000070   Code   RO         6097    i.MotorC_SetSpeed   motor.o
    0x08000e6c   0x08000e6c   0x00000070   Code   RO         6098    i.MotorD_SetSpeed   motor.o
    0x08000edc   0x08000edc   0x00000012   Code   RO         6099    i.Motor_Init        motor.o
    0x08000eee   0x08000eee   0x00000002   Code   RO         5248    i.NMI_Handler       stm32f4xx_it.o
    0x08000ef0   0x08000ef0   0x00000078   Code   RO           13    i.NVIC_Init         misc.o
    0x08000f68   0x08000f68   0x00000014   Code   RO           14    i.NVIC_PriorityGroupConfig  misc.o
    0x08000f7c   0x08000f7c   0x0000002a   Code   RO         5941    i.OLED_Clear        oled.o
    0x08000fa6   0x08000fa6   0x00000002   PAD
    0x08000fa8   0x08000fa8   0x0000004c   Code   RO         5942    i.OLED_I2C_Init     oled.o
    0x08000ff4   0x08000ff4   0x00000084   Code   RO         5943    i.OLED_I2C_SendByte  oled.o
    0x08001078   0x08001078   0x00000044   Code   RO         5944    i.OLED_I2C_Start    oled.o
    0x080010bc   0x080010bc   0x0000003c   Code   RO         5945    i.OLED_I2C_Stop     oled.o
    0x080010f8   0x080010f8   0x000000ae   Code   RO         5946    i.OLED_Init         oled.o
    0x080011a6   0x080011a6   0x00000014   Code   RO         5947    i.OLED_Pow          oled.o
    0x080011ba   0x080011ba   0x00000022   Code   RO         5948    i.OLED_SetCursor    oled.o
    0x080011dc   0x080011dc   0x00000074   Code   RO         5950    i.OLED_ShowChar     oled.o
    0x08001250   0x08001250   0x00000066   Code   RO         5953    i.OLED_ShowSignedNum  oled.o
    0x080012b6   0x080012b6   0x00000028   Code   RO         5954    i.OLED_ShowString   oled.o
    0x080012de   0x080012de   0x00000020   Code   RO         5955    i.OLED_WriteCommand  oled.o
    0x080012fe   0x080012fe   0x00000020   Code   RO         5956    i.OLED_WriteData    oled.o
    0x0800131e   0x0800131e   0x00000002   PAD
    0x08001320   0x08001320   0x000000a0   Code   RO         5763    i.OPS_Calibrate     ops.o
    0x080013c0   0x080013c0   0x00000094   Code   RO         5764    i.OPS_Display_Specs  ops.o
    0x08001454   0x08001454   0x00000008   Code   RO         5765    i.OPS_Init          ops.o
    0x0800145c   0x0800145c   0x000000c4   Code   RO         5766    i.OPS_UART_Config   ops.o
    0x08001520   0x08001520   0x00000074   Code   RO         5708    i.OpenMV_Change_Mode  openmv.o
    0x08001594   0x08001594   0x00000048   Code   RO         5709    i.OpenMV_Display_Specs  openmv.o
    0x080015dc   0x080015dc   0x00000038   Code   RO         6167    i.Openmv_Correction_Ready  control.o
    0x08001614   0x08001614   0x00000002   Code   RO         5249    i.PendSV_Handler    stm32f4xx_it.o
    0x08001616   0x08001616   0x00000002   PAD
    0x08001618   0x08001618   0x000000b8   Code   RO         5821    i.QRCODE_UART_Config  qrcode.o
    0x080016d0   0x080016d0   0x0000000c   Code   RO         5822    i.QR_Ready          qrcode.o
    0x080016dc   0x080016dc   0x00000020   Code   RO         2931    i.RCC_AHB1PeriphClockCmd  stm32f4xx_rcc.o
    0x080016fc   0x080016fc   0x00000020   Code   RO         2940    i.RCC_APB1PeriphClockCmd  stm32f4xx_rcc.o
    0x0800171c   0x0800171c   0x00000020   Code   RO         2942    i.RCC_APB1PeriphResetCmd  stm32f4xx_rcc.o
    0x0800173c   0x0800173c   0x00000020   Code   RO         2945    i.RCC_APB2PeriphResetCmd  stm32f4xx_rcc.o
    0x0800175c   0x0800175c   0x000000e8   Code   RO         2952    i.RCC_GetClocksFreq  stm32f4xx_rcc.o
    0x08001844   0x08001844   0x00000054   Code   RO         5484    i.Run               run.o
    0x08001898   0x08001898   0x00000002   Code   RO         5250    i.SVC_Handler       stm32f4xx_it.o
    0x0800189a   0x0800189a   0x00000002   PAD
    0x0800189c   0x0800189c   0x0000011c   Code   RO         6313    i.Serial_Receive_Data_LH  serial.o
    0x080019b8   0x080019b8   0x00000020   Code   RO         6314    i.Serial_SendArray  serial.o
    0x080019d8   0x080019d8   0x0000001e   Code   RO         6315    i.Serial_SendByte   serial.o
    0x080019f6   0x080019f6   0x00000002   PAD
    0x080019f8   0x080019f8   0x000000ec   Code   RO         5319    i.SetSysClock       system_stm32f4xx.o
    0x08001ae4   0x08001ae4   0x00000094   Code   RO         6168    i.Set_Control_Mode  control.o
    0x08001b78   0x08001b78   0x00000020   Code   RO         6169    i.Set_Speed         control.o
    0x08001b98   0x08001b98   0x00000028   Code   RO         6100    i.Set_Speed_All     motor.o
    0x08001bc0   0x08001bc0   0x00000018   Code   RO         6170    i.Set_Target_Coordinate  control.o
    0x08001bd8   0x08001bd8   0x0000000c   Code   RO         6171    i.Set_Target_Heading  control.o
    0x08001be4   0x08001be4   0x00000028   Code   RO           17    i.SysTick_CLKSourceConfig  misc.o
    0x08001c0c   0x08001c0c   0x00000002   Code   RO         5251    i.SysTick_Handler   stm32f4xx_it.o
    0x08001c0e   0x08001c0e   0x00000002   PAD
    0x08001c10   0x08001c10   0x00000068   Code   RO         5321    i.SystemInit        system_stm32f4xx.o
    0x08001c78   0x08001c78   0x00000068   Code   RO         6352    i.System_Test       keyndisp.o
    0x08001ce0   0x08001ce0   0x00000018   Code   RO         4315    i.TIM_ARRPreloadConfig  stm32f4xx_tim.o
    0x08001cf8   0x08001cf8   0x00000018   Code   RO         4327    i.TIM_Cmd           stm32f4xx_tim.o
    0x08001d10   0x08001d10   0x00000190   Code   RO         4332    i.TIM_DeInit        stm32f4xx_tim.o
    0x08001ea0   0x08001ea0   0x000000a4   Code   RO         4361    i.TIM_OC2Init       stm32f4xx_tim.o
    0x08001f44   0x08001f44   0x0000001a   Code   RO         4364    i.TIM_OC2PreloadConfig  stm32f4xx_tim.o
    0x08001f5e   0x08001f5e   0x00000002   PAD
    0x08001f60   0x08001f60   0x000000a0   Code   RO         4366    i.TIM_OC3Init       stm32f4xx_tim.o
    0x08002000   0x08002000   0x00000012   Code   RO         4369    i.TIM_OC3PreloadConfig  stm32f4xx_tim.o
    0x08002012   0x08002012   0x00000002   PAD
    0x08002014   0x08002014   0x00000078   Code   RO         4371    i.TIM_OC4Init       stm32f4xx_tim.o
    0x0800208c   0x0800208c   0x0000001a   Code   RO         4373    i.TIM_OC4PreloadConfig  stm32f4xx_tim.o
    0x080020a6   0x080020a6   0x00000002   PAD
    0x080020a8   0x080020a8   0x000001b8   Code   RO         6101    i.TIM_PWM_Init      motor.o
    0x08002260   0x08002260   0x00000084   Code   RO         4399    i.TIM_TimeBaseInit  stm32f4xx_tim.o
    0x080022e4   0x080022e4   0x000000c0   Code   RO         6173    i.Turn_Right90      control.o
    0x080023a4   0x080023a4   0x000000d0   Code   RO         5823    i.UART4_IRQHandler  qrcode.o
    0x08002474   0x08002474   0x00000190   Code   RO         5767    i.UART5_IRQHandler  ops.o
    0x08002604   0x08002604   0x000000e8   Code   RO         5710    i.USART2_IRQHandler  openmv.o
    0x080026ec   0x080026ec   0x0000001e   Code   RO         4878    i.USART_ClearITPendingBit  stm32f4xx_usart.o
    0x0800270a   0x0800270a   0x00000018   Code   RO         4881    i.USART_Cmd         stm32f4xx_usart.o
    0x08002722   0x08002722   0x0000001a   Code   RO         4884    i.USART_GetFlagStatus  stm32f4xx_usart.o
    0x0800273c   0x0800273c   0x00000054   Code   RO         4885    i.USART_GetITStatus  stm32f4xx_usart.o
    0x08002790   0x08002790   0x0000004a   Code   RO         4887    i.USART_ITConfig    stm32f4xx_usart.o
    0x080027da   0x080027da   0x00000002   PAD
    0x080027dc   0x080027dc   0x000000d4   Code   RO         4888    i.USART_Init        stm32f4xx_usart.o
    0x080028b0   0x080028b0   0x0000000a   Code   RO         4895    i.USART_ReceiveData  stm32f4xx_usart.o
    0x080028ba   0x080028ba   0x00000008   Code   RO         4898    i.USART_SendData    stm32f4xx_usart.o
    0x080028c2   0x080028c2   0x00000004   Code   RO         5252    i.UsageFault_Handler  stm32f4xx_it.o
    0x080028c6   0x080028c6   0x00000002   PAD
    0x080028c8   0x080028c8   0x00000078   Code   RO         6174    i.Wheel_Run_Loop    control.o
    0x08002940   0x08002940   0x00000030   Code   RO         6770    i.__ARM_fpclassify  m_wm.l(fpclassify.o)
    0x08002970   0x08002970   0x000000c8   Code   RO         6653    i.__hardfp_cos      m_wm.l(cos.o)
    0x08002a38   0x08002a38   0x00000014   Code   RO         6665    i.__hardfp_fabs     m_wm.l(fabs.o)
    0x08002a4c   0x08002a4c   0x00000004   PAD
    0x08002a50   0x08002a50   0x000000c8   Code   RO         6671    i.__hardfp_sin      m_wm.l(sin.o)
    0x08002b18   0x08002b18   0x00000438   Code   RO         6723    i.__ieee754_rem_pio2  m_wm.l(rred.o)
    0x08002f50   0x08002f50   0x00000170   Code   RO         6706    i.__kernel_cos      m_wm.l(cos_i.o)
    0x080030c0   0x080030c0   0x000000f8   Code   RO         6772    i.__kernel_poly     m_wm.l(poly.o)
    0x080031b8   0x080031b8   0x00000130   Code   RO         6728    i.__kernel_sin      m_wm.l(sin_i.o)
    0x080032e8   0x080032e8   0x00000014   Code   RO         6710    i.__mathlib_dbl_infnan  m_wm.l(dunder.o)
    0x080032fc   0x080032fc   0x00000004   PAD
    0x08003300   0x08003300   0x00000020   Code   RO         6712    i.__mathlib_dbl_invalid  m_wm.l(dunder.o)
    0x08003320   0x08003320   0x00000020   Code   RO         6715    i.__mathlib_dbl_underflow  m_wm.l(dunder.o)
    0x08003340   0x08003340   0x0000000e   Code   RO         6782    i.__scatterload_copy  mc_w.l(handlers.o)
    0x0800334e   0x0800334e   0x00000002   Code   RO         6783    i.__scatterload_null  mc_w.l(handlers.o)
    0x08003350   0x08003350   0x0000000e   Code   RO         6784    i.__scatterload_zeroinit  mc_w.l(handlers.o)
    0x0800335e   0x0800335e   0x00000002   PAD
    0x08003360   0x08003360   0x0000000c   Code   RO         6758    i.__set_errno       mc_w.l(errno.o)
    0x0800336c   0x0800336c   0x0000006c   Code   RO         5485    i.backObj_Run1      run.o
    0x080033d8   0x080033d8   0x00000038   Code   RO         5486    i.backObj_Run_Main  run.o
    0x08003410   0x08003410   0x0000002a   Code   RO         6353    i.changeIntVar      keyndisp.o
    0x0800343a   0x0800343a   0x00000002   PAD
    0x0800343c   0x0800343c   0x00000214   Code   RO         6175    i.check_stable      control.o
    0x08003650   0x08003650   0x0000022c   Code   RO         6176    i.coordinate_Loop   control.o
    0x0800387c   0x0800387c   0x0000003c   Code   RO         5385    i.delay_init        delay.o
    0x080038b8   0x080038b8   0x00000038   Code   RO         5386    i.delay_ms          delay.o
    0x080038f0   0x080038f0   0x0000004c   Code   RO         5387    i.delay_us          delay.o
    0x0800393c   0x0800393c   0x0000004c   Code   RO         5388    i.delay_xms         delay.o
    0x08003988   0x08003988   0x00000084   Code   RO         5487    i.deposit2_Put      run.o
    0x08003a0c   0x08003a0c   0x0000001c   Code   RO         5488    i.deposit2_Run1     run.o
    0x08003a28   0x08003a28   0x00000074   Code   RO         5489    i.deposit2_Run2     run.o
    0x08003a9c   0x08003a9c   0x00000040   Code   RO         5490    i.deposit2_Run_Main  run.o
    0x08003adc   0x08003adc   0x00000084   Code   RO         5491    i.deposit_Put       run.o
    0x08003b60   0x08003b60   0x0000001c   Code   RO         5492    i.deposit_Run1      run.o
    0x08003b7c   0x08003b7c   0x00000074   Code   RO         5493    i.deposit_Run2      run.o
    0x08003bf0   0x08003bf0   0x00000040   Code   RO         5494    i.deposit_Run_Main  run.o
    0x08003c30   0x08003c30   0x00000002   Code   RO         6354    i.do_nothing        keyndisp.o
    0x08003c32   0x08003c32   0x00000018   Code   RO         6667    i.fabs              m_wm.l(fabs.o)
    0x08003c4a   0x08003c4a   0x0000002a   Code   RO         6536    i.get_Obj           servo.o
    0x08003c74   0x08003c74   0x0000002a   Code   RO         6537    i.get_Rough         servo.o
    0x08003c9e   0x08003c9e   0x00000002   PAD
    0x08003ca0   0x08003ca0   0x00000058   Code   RO         5495    i.home_Run1         run.o
    0x08003cf8   0x08003cf8   0x00000020   Code   RO         5496    i.home_Run_Main     run.o
    0x08003d18   0x08003d18   0x00000108   Code   RO         6355    i.key_logic_process  keyndisp.o
    0x08003e20   0x08003e20   0x00000040   Code   RO         6356    i.key_read_col      keyndisp.o
    0x08003e60   0x08003e60   0x00000080   Code   RO         6357    i.key_scan_position  keyndisp.o
    0x08003ee0   0x08003ee0   0x0000007c   Code   RO         5135    i.main              main.o
    0x08003f5c   0x08003f5c   0x00000050   Code   RO         5497    i.obj2_Run1         run.o
    0x08003fac   0x08003fac   0x0000002c   Code   RO         5498    i.obj2_Run_Main     run.o
    0x08003fd8   0x08003fd8   0x00000030   Code   RO         5499    i.obj_Run1          run.o
    0x08004008   0x08004008   0x00000048   Code   RO         5500    i.obj_Run2          run.o
    0x08004050   0x08004050   0x00000034   Code   RO         5501    i.obj_Run3          run.o
    0x08004084   0x08004084   0x00000034   Code   RO         5502    i.obj_Run4          run.o
    0x080040b8   0x080040b8   0x00000040   Code   RO         5504    i.obj_Run_Main      run.o
    0x080040f8   0x080040f8   0x00000024   Code   RO         6358    i.p0_r1             keyndisp.o
    0x0800411c   0x0800411c   0x000000a8   Code   RO         6359    i.page_logic        keyndisp.o
    0x080041c4   0x080041c4   0x00000188   Code   RO         6177    i.pid_calculate     control.o
    0x0800434c   0x0800434c   0x0000002e   Code   RO         6539    i.put_Down_Dep      servo.o
    0x0800437a   0x0800437a   0x0000002e   Code   RO         6540    i.put_Rough         servo.o
    0x080043a8   0x080043a8   0x0000002e   Code   RO         6541    i.put_Up_Dep        servo.o
    0x080043d6   0x080043d6   0x00000002   PAD
    0x080043d8   0x080043d8   0x0000002c   Code   RO         5505    i.qr_Run1           run.o
    0x08004404   0x08004404   0x0000005c   Code   RO         5506    i.qr_Run2           run.o
    0x08004460   0x08004460   0x00000064   Code   RO         5507    i.qr_Run3           run.o
    0x080044c4   0x080044c4   0x00000040   Code   RO         5508    i.qr_Run_Main       run.o
    0x08004504   0x08004504   0x00000028   Code   RO         6178    i.reset_pid         control.o
    0x0800452c   0x0800452c   0x000000a0   Code   RO         5509    i.rough_Get         run.o
    0x080045cc   0x080045cc   0x00000154   Code   RO         5510    i.rough_Put         run.o
    0x08004720   0x08004720   0x00000168   Code   RO         5511    i.rough_Run         run.o
    0x08004888   0x08004888   0x00000018   Code   RO         5512    i.rough_Run_Main    run.o
    0x080048a0   0x080048a0   0x00000054   Code   RO         6360    i.row_logic         keyndisp.o
    0x080048f4   0x080048f4   0x00000030   Code   RO         6438    i.runActionGroup    lobotservocontroller.o
    0x08004924   0x08004924   0x0000000c   Code   RO         6542    i.servoDefault      servo.o
    0x08004930   0x08004930   0x0000000c   Code   RO         6543    i.servoMvCalib      servo.o
    0x0800493c   0x0800493c   0x0000008c   Code   RO         6544    i.servo_Action      servo.o
    0x080049c8   0x080049c8   0x00000016   Code   RO         6179    i.set_pid           control.o
    0x080049de   0x080049de   0x00000002   PAD
    0x080049e0   0x080049e0   0x00000030   Code   RO         6545    i.uartWriteBuf      servo.o
    0x08004a10   0x08004a10   0x00000180   Code   RO         6180    i.wheel_speed_calc  control.o
    0x08004b90   0x08004b90   0x000005f0   Data   RO         5957    .constdata          oled.o
    0x08005180   0x08005180   0x00000030   Data   RO         6707    .constdata          m_wm.l(cos_i.o)
    0x080051b0   0x080051b0   0x000000c8   Data   RO         6725    .constdata          m_wm.l(rred.o)
    0x08005278   0x08005278   0x00000028   Data   RO         6729    .constdata          m_wm.l(sin_i.o)
    0x080052a0   0x080052a0   0x00000020   Data   RO         6780    Region$$Table       anon$$obj.o


    Execution Region RW_IRAM1 (Exec base: 0x20000000, Load base: 0x080052c0, Size: 0x000006e8, Max: 0x00020000, ABSOLUTE)

    Exec Addr    Load Addr    Size         Type   Attr      Idx    E Section Name        Object

    0x20000000   0x080052c0   0x00000010   Data   RW         2984    .data               stm32f4xx_rcc.o
    0x20000010   0x080052d0   0x00000005   Data   RW         5360    .data               flags.o
    0x20000015   0x080052d5   0x00000001   PAD
    0x20000016   0x080052d6   0x00000004   Data   RW         5389    .data               delay.o
    0x2000001a   0x080052da   0x00000002   PAD
    0x2000001c   0x080052dc   0x00000004   Data   RW         5431    .data               led.o
    0x20000020   0x080052e0   0x0000001b   Data   RW         5514    .data               run.o
    0x2000003b   0x080052fb   0x00000001   PAD
    0x2000003c   0x080052fc   0x00000018   Data   RW         5712    .data               openmv.o
    0x20000054   0x08005314   0x00000018   Data   RW         5769    .data               ops.o
    0x2000006c   0x0800532c   0x0000000a   Data   RW         5824    .data               qrcode.o
    0x20000076   0x08005336   0x00000002   PAD
    0x20000078   0x08005338   0x0000003c   Data   RW         6183    .data               control.o
    0x200000b4   0x08005374   0x00000003   Data   RW         6316    .data               serial.o
    0x200000b7   0x08005377   0x00000001   PAD
    0x200000b8   0x08005378   0x00000028   Data   RW         6361    .data               keyndisp.o
    0x200000e0   0x080053a0   0x00000004   Data   RW         6759    .data               mc_w.l(errno.o)
    0x200000e4        -       0x00000019   Zero   RW         5711    .bss                openmv.o
    0x200000fd   0x080053a4   0x00000003   PAD
    0x20000100        -       0x00000040   Zero   RW         5768    .bss                ops.o
    0x20000140        -       0x00000118   Zero   RW         6181    .bss                control.o
    0x20000258        -       0x00000090   Zero   RW         6442    .bss                lobotservocontroller.o
    0x200002e8        -       0x00000400   Zero   RW            1    STACK               startup_stm32f40_41xxx.o


==============================================================================

Image component sizes


      Code (inc. data)   RO Data    RW Data    ZI Data      Debug   Object Name

      2906        436          0         60        280      11986   control.o
       268         16          0          4          0       2467   delay.o
         0          0          0          5          0        377   flags.o
        60          6          0          0          0        540   infrared.o
      1336        186          0         40          0       7269   keyndisp.o
       136         12          0          4          0       1234   led.o
        48          6          0          0        144       3997   lobotservocontroller.o
       124         24          0          0          0     228019   main.o
       180         24          0          0          0     283585   misc.o
      1022        104          0          0          0       5057   motor.o
       928         26       1520          0          0       8719   oled.o
       420         88          0         24         25       2723   openmv.o
       912        112          0         24         64       4826   ops.o
       404         32          0         10          0       3334   qrcode.o
      2644        436          0         27          0      15197   run.o
       346         12          0          3          0       2874   serial.o
       434         16          0          0          0       5466   servo.o
        36          8        392          0       1024        856   startup_stm32f40_41xxx.o
       250          0          0          0          0       4023   stm32f4xx_gpio.o
        26          0          0          0          0       3942   stm32f4xx_it.o
       360         42          0         16          0       5112   stm32f4xx_rcc.o
      1094        110          0          0          0       7012   stm32f4xx_tim.o
       468          8          0          0          0       6011   stm32f4xx_usart.o
       340         32          0          0          0       1441   system_stm32f4xx.o

    ----------------------------------------------------------------------
     14772       1736       1944        224       1540     616067   Object Totals
         0          0         32          0          0          0   (incl. Generated)
        30          0          0          7          3          0   (incl. Padding)

    ----------------------------------------------------------------------

      Code (inc. data)   RO Data    RW Data    ZI Data      Debug   Library Member Name

       200         20          0          0          0        164   cos.o
       368         46         48          0          0        200   cos_i.o
        84         16          0          0          0        372   dunder.o
        44          0          0          0          0        248   fabs.o
        48          0          0          0          0        124   fpclassify.o
       248          0          0          0          0        152   poly.o
      1080        142        200          0          0        188   rred.o
       200         20          0          0          0        164   sin.o
       304         24         40          0          0        208   sin_i.o
         0          0          0          0          0          0   entry.o
         0          0          0          0          0          0   entry10a.o
         0          0          0          0          0          0   entry11a.o
         4          0          0          0          0          0   entry12b.o
         8          4          0          0          0          0   entry2.o
         4          0          0          0          0          0   entry5.o
         0          0          0          0          0          0   entry7b.o
         0          0          0          0          0          0   entry8b.o
         8          4          0          0          0          0   entry9a.o
        12          6          0          4          0         68   errno.o
        30          0          0          0          0          0   handlers.o
        36          8          0          0          0         68   init.o
         0          0          0          0          0          0   iusefp.o
        30          0          0          0          0         68   llshl.o
        36          0          0          0          0         68   llsshr.o
        32          0          0          0          0         68   llushr.o
        48          0          0          0          0         68   cdcmple.o
        48          0          0          0          0         68   cdrcmple.o
        56          0          0          0          0         88   d2f.o
       334          0          0          0          0        148   dadd.o
       222          0          0          0          0        100   ddiv.o
       186          0          0          0          0        176   depilogue.o
        62          0          0          0          0         80   dfixi.o
        34          0          0          0          0         76   dflti.o
        26          0          0          0          0         76   dfltui.o
       228          0          0          0          0         96   dmul.o
        38          0          0          0          0         68   f2d.o
       110          0          0          0          0        168   fepilogue.o

    ----------------------------------------------------------------------
      4180        290        288          4          0       3372   Library Totals
        12          0          0          0          0          0   (incl. Padding)

    ----------------------------------------------------------------------

      Code (inc. data)   RO Data    RW Data    ZI Data      Debug   Library Name

      2576        268        288          0          0       1820   m_wm.l
       200         22          0          4          0        340   mc_w.l
      1392          0          0          0          0       1212   mf_w.l

    ----------------------------------------------------------------------
      4180        290        288          4          0       3372   Library Totals

    ----------------------------------------------------------------------

==============================================================================


      Code (inc. data)   RO Data    RW Data    ZI Data      Debug   

     18952       2026       2232        228       1540     603715   Grand Totals
     18952       2026       2232        228       1540     603715   ELF Image Totals
     18952       2026       2232        228          0          0   ROM Totals

==============================================================================

    Total RO  Size (Code + RO Data)                21184 (  20.69kB)
    Total RW  Size (RW Data + ZI Data)              1768 (   1.73kB)
    Total ROM Size (Code + RO Data + RW Data)      21412 (  20.91kB)

==============================================================================

