<html>
<body>
<pre>
<h1>礦ision Build Log</h1>
<h2>Tool Versions:</h2>
IDE-Version: μVision V5.38.0.0
Copyright (C) 2022 ARM Ltd and ARM Germany GmbH. All rights reserved.
License Information: utf8 coding, w2, LIC=LSNXV-PH0E8-45LT5-GJG7R-93MT0-D5MNF
 
Tool Versions:
Toolchain:       MDK-ARM Plus  Version: 5.38.0.0
Toolchain Path:  D:\Tools\Keil_MDK\core\ARM\ARM_Compiler_5.06u7\Bin
C Compiler:      Armcc.exe V5.06 update 7 (build 960)
Assembler:       Armasm.exe V5.06 update 7 (build 960)
Linker/Locator:  ArmLink.exe V5.06 update 7 (build 960)
Library Manager: ArmAr.exe V5.06 update 7 (build 960)
Hex Converter:   FromElf.exe V5.06 update 7 (build 960)
CPU DLL:         SARMCM3.DLL V5.38.0.0
Dialog DLL:      DCM.DLL V1.17.5.0
Target DLL:      CMSIS_AGDI.dll V1.33.15.0
Dialog DLL:      TCM.DLL V1.56.4.0
 
<h2>Project:</h2>
D:\Study\code_sync\NIITSC\NIITSC_code\USER\Project.uvprojx
Project File Date:  09/12/2023

<h2>Output:</h2>
*** Using Compiler 'V5.06 update 7 (build 960)', folder: 'D:\Tools\Keil_MDK\core\ARM\ARM_Compiler_5.06u7\Bin'
Build target 'Project'
compiling run.c...
run.c(109): warning:  #111-D: statement is unreachable
  			break;
run.c(166): warning:  #188-D: enumerated type mixed with another type
  		servo_Action(getObj, 1); //这个函数会不会阻塞？不阻塞则也需要延时
run.c(232): warning:  #188-D: enumerated type mixed with another type
  					servo_Action(putRough, 1);
run.c(258): warning:  #188-D: enumerated type mixed with another type
  					servo_Action(putRough, 1);
run.c(284): warning:  #188-D: enumerated type mixed with another type
  					servo_Action(putRough, 1);
run.c(308): warning:  #188-D: enumerated type mixed with another type
  				servo_Action(getRough, 1);
run.c(316): warning:  #188-D: enumerated type mixed with another type
  				servo_Action(getRough, 1);
run.c(324): warning:  #188-D: enumerated type mixed with another type
  				servo_Action(getRough, 1);
run.c(486): warning:  #188-D: enumerated type mixed with another type
  					servo_Action(putRough, 1);
run.c(494): warning:  #188-D: enumerated type mixed with another type
  					servo_Action(putRough, 1);
run.c(502): warning:  #188-D: enumerated type mixed with another type
  					servo_Action(putRough, 1);
run.c(592): warning:  #188-D: enumerated type mixed with another type
  		servo_Action(getObj, 1); //这个函数会不会阻塞？不阻塞则也需要延时
run.c(673): warning:  #188-D: enumerated type mixed with another type
  				servo_Action(putRough, 1);
run.c(681): warning:  #188-D: enumerated type mixed with another type
  				servo_Action(putRough, 1);
run.c(689): warning:  #188-D: enumerated type mixed with another type
  				servo_Action(putRough, 1);
run.c(721): warning:  #177-D: variable "ops_calib_ok"  was declared but never referenced
  	static u8 ops_calib_ok = 0;
run.c: 16 warnings, 0 errors
linking...
Program Size: Code=18952 RO-data=2232 RW-data=228 ZI-data=1540  
"..\OBJ\Project.axf" - 0 Error(s), 16 Warning(s).

<h2>Software Packages used:</h2>

Package Vendor: Keil
                https://www.keil.com/pack/Keil.STM32F4xx_DFP.2.17.1.pack
                Keil.STM32F4xx_DFP.2.17.1
                STMicroelectronics STM32F4 Series Device Support, Drivers and Examples

<h2>Collection of Component include folders:</h2>
  D:/Tools/Keil_MDK/packs/Keil/STM32F4xx_DFP/2.17.1/Drivers/CMSIS/Device/ST/STM32F4xx/Include

<h2>Collection of Component Files used:</h2>
Build Time Elapsed:  00:00:03
</pre>
</body>
</html>
